Component: ARM Compiler 5.05 update 1 (build 106) Tool: armlink [4d0efa]

==============================================================================

Section Cross References

    startup_stm32f40_41xxx.o(STACK) refers (Special) to heapauxi.o(.text) for __use_two_region_memory
    startup_stm32f40_41xxx.o(HEAP) refers (Special) to heapauxi.o(.text) for __use_two_region_memory
    startup_stm32f40_41xxx.o(RESET) refers (Special) to heapauxi.o(.text) for __use_two_region_memory
    startup_stm32f40_41xxx.o(RESET) refers to startup_stm32f40_41xxx.o(STACK) for __initial_sp
    startup_stm32f40_41xxx.o(RESET) refers to startup_stm32f40_41xxx.o(.text) for Reset_Handler
    startup_stm32f40_41xxx.o(RESET) refers to timer.o(i.TIM2_IRQHandler) for TIM2_IRQHandler
    startup_stm32f40_41xxx.o(RESET) refers to usart.o(i.USART1_IRQHandler) for USART1_IRQHandler
    startup_stm32f40_41xxx.o(RESET) refers to usart.o(i.USART3_IRQHandler) for USART3_IRQHandler
    startup_stm32f40_41xxx.o(.text) refers (Special) to heapauxi.o(.text) for __use_two_region_memory
    startup_stm32f40_41xxx.o(.text) refers to __main.o(!!!main) for __main
    startup_stm32f40_41xxx.o(.text) refers to startup_stm32f40_41xxx.o(HEAP) for Heap_Mem
    startup_stm32f40_41xxx.o(.text) refers to startup_stm32f40_41xxx.o(STACK) for Stack_Mem
    test.o(i.main) refers to sys.o(i.Stm32_Clock_Init) for Stm32_Clock_Init
    test.o(i.main) refers to delay.o(i.delay_init) for delay_init
    test.o(i.main) refers to usart.o(i.uart_init) for uart_init
    test.o(i.main) refers to usart.o(i.uart3_init) for uart3_init
    test.o(i.main) refers to timer.o(i.TIM2_Int_Init) for TIM2_Int_Init
    test.o(i.main) refers to motor.o(i.TIM8_PWM_Init) for TIM8_PWM_Init
    test.o(i.main) refers to servo.o(i.TIM3_PWM_Init) for TIM3_PWM_Init
    test.o(i.main) refers to servo.o(i.TIM4_PWM_Init) for TIM4_PWM_Init
    test.o(i.main) refers to gray.o(i.gray_int) for gray_int
    test.o(i.main) refers to motor.o(i.Motor_int) for Motor_int
    test.o(i.main) refers to oled.o(i.OLED_Init) for OLED_Init
    test.o(i.main) refers to oled.o(i.OLED_ShowString) for OLED_ShowString
    test.o(i.main) refers to action.o(i.guiwei) for guiwei
    test.o(i.main) refers to action.o(i.Begin) for Begin
    test.o(i.main) refers to control.o(.data) for Track_Flag
    delay.o(i.delay_init) refers to delay.o(.data) for fac_us
    delay.o(i.delay_ms) refers to delay.o(i.delay_xms) for delay_xms
    delay.o(i.delay_us) refers to delay.o(.data) for fac_us
    delay.o(i.delay_xms) refers to delay.o(.data) for fac_ms
    sys.o(i.MY_NVIC_Init) refers to sys.o(i.MY_NVIC_PriorityGroupConfig) for MY_NVIC_PriorityGroupConfig
    sys.o(i.Stm32_Clock_Init) refers to sys.o(i.Sys_Clock_Set) for Sys_Clock_Set
    sys.o(i.Stm32_Clock_Init) refers to sys.o(i.MY_NVIC_SetVectorTable) for MY_NVIC_SetVectorTable
    sys.o(i.Sys_Standby) refers to sys.o(i.WFI_SET) for WFI_SET
    usart.o(.rev16_text) refers (Special) to use_no_semi_2.o(.text) for __use_no_semihosting
    usart.o(.revsh_text) refers (Special) to use_no_semi_2.o(.text) for __use_no_semihosting
    usart.o(i.USART1_IRQHandler) refers (Special) to use_no_semi_2.o(.text) for __use_no_semihosting
    usart.o(i.USART1_IRQHandler) refers to usart.o(.data) for USART_RX_STA
    usart.o(i.USART1_IRQHandler) refers to usart.o(.bss) for USART_RX_BUF
    usart.o(i.USART3_IRQHandler) refers (Special) to use_no_semi_2.o(.text) for __use_no_semihosting
    usart.o(i.USART3_IRQHandler) refers to usart.o(.data) for USART3_RX_STA
    usart.o(i.USART3_IRQHandler) refers to usart.o(.bss) for USART3_RX_BUF
    usart.o(i._sys_exit) refers (Special) to use_no_semi_2.o(.text) for __use_no_semihosting
    usart.o(i.fputc) refers (Special) to use_no_semi_2.o(.text) for __use_no_semihosting
    usart.o(i.uart3_init) refers (Special) to use_no_semi_2.o(.text) for __use_no_semihosting
    usart.o(i.uart3_init) refers to sys.o(i.GPIO_Set) for GPIO_Set
    usart.o(i.uart3_init) refers to sys.o(i.GPIO_AF_Set) for GPIO_AF_Set
    usart.o(i.uart3_init) refers to sys.o(i.MY_NVIC_Init) for MY_NVIC_Init
    usart.o(i.uart_init) refers (Special) to use_no_semi_2.o(.text) for __use_no_semihosting
    usart.o(i.uart_init) refers to sys.o(i.GPIO_Set) for GPIO_Set
    usart.o(i.uart_init) refers to sys.o(i.GPIO_AF_Set) for GPIO_AF_Set
    usart.o(i.uart_init) refers to sys.o(i.MY_NVIC_Init) for MY_NVIC_Init
    usart.o(.bss) refers (Special) to use_no_semi_2.o(.text) for __use_no_semihosting
    usart.o(.data) refers (Special) to use_no_semi_2.o(.text) for __use_no_semihosting
    led.o(i.LED_Init) refers to sys.o(i.GPIO_Set) for GPIO_Set
    timer.o(i.TIM2_IRQHandler) refers to gray.o(i.gray_data) for gray_data
    timer.o(i.TIM2_IRQHandler) refers to control.o(i.Tracking) for Tracking
    timer.o(i.TIM2_Int_Init) refers to sys.o(i.MY_NVIC_Init) for MY_NVIC_Init
    gray.o(i.gray_data) refers to gray.o(.data) for LEFT_DATA
    gray.o(i.gray_int) refers to sys.o(i.GPIO_Set) for GPIO_Set
    motor.o(i.Motor_A) refers to motor.o(i.myabs) for myabs
    motor.o(i.Motor_B) refers to motor.o(i.myabs) for myabs
    motor.o(i.Motor_C) refers to motor.o(i.myabs) for myabs
    motor.o(i.Motor_D) refers to motor.o(i.myabs) for myabs
    motor.o(i.Motor_int) refers to sys.o(i.GPIO_Set) for GPIO_Set
    motor.o(i.Set_Pwm) refers to motor.o(i.myabs) for myabs
    motor.o(i.TIM8_PWM_Init) refers to sys.o(i.GPIO_Set) for GPIO_Set
    motor.o(i.TIM8_PWM_Init) refers to sys.o(i.GPIO_AF_Set) for GPIO_AF_Set
    servo.o(i.TIM1_PWM_Init) refers to sys.o(i.GPIO_Set) for GPIO_Set
    servo.o(i.TIM1_PWM_Init) refers to sys.o(i.GPIO_AF_Set) for GPIO_AF_Set
    servo.o(i.TIM3_PWM_Init) refers to sys.o(i.GPIO_Set) for GPIO_Set
    servo.o(i.TIM3_PWM_Init) refers to sys.o(i.GPIO_AF_Set) for GPIO_AF_Set
    servo.o(i.TIM4_PWM_Init) refers to sys.o(i.GPIO_Set) for GPIO_Set
    servo.o(i.TIM4_PWM_Init) refers to sys.o(i.GPIO_AF_Set) for GPIO_AF_Set
    servo.o(i.TIM5_PWM_Init) refers to sys.o(i.GPIO_Set) for GPIO_Set
    servo.o(i.TIM5_PWM_Init) refers to sys.o(i.GPIO_AF_Set) for GPIO_AF_Set
    control.o(i.BACK) refers to delay.o(i.delay_ms) for delay_ms
    control.o(i.BACK) refers to control.o(.data) for Track_Flag
    control.o(i.BACK_BZ) refers to motor.o(i.Motor_B) for Motor_B
    control.o(i.BACK_BZ) refers to motor.o(i.Motor_D) for Motor_D
    control.o(i.BACK_BZ) refers to gray.o(.data) for BACK_DATA
    control.o(i.BACK_Track) refers to motor.o(i.Set_Pwm) for Set_Pwm
    control.o(i.BACK_Track) refers to gray.o(.data) for BACK_DATA
    control.o(i.FRONT) refers to delay.o(i.delay_ms) for delay_ms
    control.o(i.FRONT) refers to control.o(.data) for Track_Flag
    control.o(i.FRONT_BZ) refers to motor.o(i.Motor_A) for Motor_A
    control.o(i.FRONT_BZ) refers to motor.o(i.Motor_C) for Motor_C
    control.o(i.FRONT_BZ) refers to gray.o(.data) for FRONT_DATA
    control.o(i.FRONT_Track) refers to motor.o(i.Set_Pwm) for Set_Pwm
    control.o(i.FRONT_Track) refers to gray.o(.data) for FRONT_DATA
    control.o(i.LEFT) refers to delay.o(i.delay_ms) for delay_ms
    control.o(i.LEFT) refers to control.o(.data) for Track_Flag
    control.o(i.LEFT_BZ) refers to motor.o(i.Motor_A) for Motor_A
    control.o(i.LEFT_BZ) refers to motor.o(i.Motor_B) for Motor_B
    control.o(i.LEFT_BZ) refers to gray.o(.data) for LEFT_DATA
    control.o(i.LEFT_Track) refers to motor.o(i.Set_Pwm) for Set_Pwm
    control.o(i.LEFT_Track) refers to gray.o(.data) for LEFT_DATA
    control.o(i.Move) refers to control.o(i.BACK) for BACK
    control.o(i.Move) refers to delay.o(i.delay_ms) for delay_ms
    control.o(i.Move) refers to control.o(i.FRONT) for FRONT
    control.o(i.Move) refers to control.o(i.RIGHT) for RIGHT
    control.o(i.Move) refers to control.o(i.LEFT) for LEFT
    control.o(i.Move) refers to control.o(.data) for move_x
    control.o(i.RIGHT) refers to delay.o(i.delay_ms) for delay_ms
    control.o(i.RIGHT) refers to control.o(.data) for Track_Flag
    control.o(i.RIGHT_BZ) refers to motor.o(i.Motor_D) for Motor_D
    control.o(i.RIGHT_BZ) refers to motor.o(i.Motor_C) for Motor_C
    control.o(i.RIGHT_BZ) refers to gray.o(.data) for RIGHT_DATA
    control.o(i.RIGHT_Track) refers to motor.o(i.Set_Pwm) for Set_Pwm
    control.o(i.RIGHT_Track) refers to gray.o(.data) for RIGHT_DATA
    control.o(i.Tracking) refers to motor.o(i.Set_Pwm) for Set_Pwm
    control.o(i.Tracking) refers to control.o(i.FRONT_Track) for FRONT_Track
    control.o(i.Tracking) refers to control.o(i.BACK_Track) for BACK_Track
    control.o(i.Tracking) refers to control.o(i.LEFT_Track) for LEFT_Track
    control.o(i.Tracking) refers to control.o(i.RIGHT_Track) for RIGHT_Track
    control.o(i.Tracking) refers to control.o(i.BACK_BZ) for BACK_BZ
    control.o(i.Tracking) refers to control.o(i.FRONT_BZ) for FRONT_BZ
    control.o(i.Tracking) refers to control.o(i.RIGHT_BZ) for RIGHT_BZ
    control.o(i.Tracking) refers to control.o(i.LEFT_BZ) for LEFT_BZ
    control.o(i.Tracking) refers to control.o(.data) for Track_Flag
    action.o(i.Begin) refers to target.o(i.RGB) for RGB
    action.o(i.Begin) refers to motor.o(i.Set_Pwm) for Set_Pwm
    action.o(i.Begin) refers to delay.o(i.delay_ms) for delay_ms
    action.o(i.Begin) refers to control.o(i.Move) for Move
    action.o(i.Begin) refers to action.o(i.Get_3) for Get_3
    action.o(i.Begin) refers to action.o(i.Get_2) for Get_2
    action.o(i.Begin) refers to action.o(i.Get_1) for Get_1
    action.o(i.Begin) refers to action.o(i.Put) for Put
    action.o(i.Begin) refers to control.o(.data) for Track_Flag
    action.o(i.Begin) refers to target.o(.data) for target_RGB
    action.o(i.Get_1) refers to delay.o(i.delay_ms) for delay_ms
    action.o(i.Get_1) refers to action.o(i.Servo_Get_1) for Servo_Get_1
    action.o(i.Get_1) refers to control.o(i.LEFT) for LEFT
    action.o(i.Get_1) refers to control.o(.data) for Track_Flag
    action.o(i.Get_2) refers to delay.o(i.delay_ms) for delay_ms
    action.o(i.Get_2) refers to action.o(i.Servo_Get_2) for Servo_Get_2
    action.o(i.Get_2) refers to control.o(i.LEFT) for LEFT
    action.o(i.Get_2) refers to control.o(.data) for Track_Flag
    action.o(i.Get_3) refers to delay.o(i.delay_ms) for delay_ms
    action.o(i.Get_3) refers to action.o(i.Servo_Get_3) for Servo_Get_3
    action.o(i.Get_3) refers to control.o(i.LEFT) for LEFT
    action.o(i.Get_3) refers to control.o(.data) for Track_Flag
    action.o(i.Put) refers to delay.o(i.delay_ms) for delay_ms
    action.o(i.Put) refers to action.o(i.guiwei) for guiwei
    action.o(i.Put) refers to control.o(.data) for Track_Flag
    action.o(i.Servo_Get_1) refers to delay.o(i.delay_ms) for delay_ms
    action.o(i.Servo_Get_1) refers to action.o(i.guiwei) for guiwei
    action.o(i.Servo_Get_2) refers to delay.o(i.delay_ms) for delay_ms
    action.o(i.Servo_Get_2) refers to action.o(i.guiwei) for guiwei
    action.o(i.Servo_Get_3) refers to delay.o(i.delay_ms) for delay_ms
    action.o(i.Servo_Get_3) refers to action.o(i.guiwei) for guiwei
    action.o(i.guiwei) refers to delay.o(i.delay_ms) for delay_ms
    oled.o(i.OLED_Clear) refers to oled.o(i.OLED_WR_Byte) for OLED_WR_Byte
    oled.o(i.OLED_Display_Off) refers to oled.o(i.OLED_WR_Byte) for OLED_WR_Byte
    oled.o(i.OLED_Display_On) refers to oled.o(i.OLED_WR_Byte) for OLED_WR_Byte
    oled.o(i.OLED_DrawBMP) refers to oled.o(i.OLED_Set_Pos) for OLED_Set_Pos
    oled.o(i.OLED_DrawBMP) refers to oled.o(i.OLED_WR_Byte) for OLED_WR_Byte
    oled.o(i.OLED_Init) refers to sys.o(i.GPIO_Set) for GPIO_Set
    oled.o(i.OLED_Init) refers to delay.o(i.delay_ms) for delay_ms
    oled.o(i.OLED_Init) refers to oled.o(i.OLED_WR_Byte) for OLED_WR_Byte
    oled.o(i.OLED_Init) refers to oled.o(i.OLED_Clear) for OLED_Clear
    oled.o(i.OLED_Init) refers to oled.o(i.OLED_Set_Pos) for OLED_Set_Pos
    oled.o(i.OLED_Set_Pos) refers to oled.o(i.OLED_WR_Byte) for OLED_WR_Byte
    oled.o(i.OLED_ShowCHinese) refers to oled.o(i.OLED_Set_Pos) for OLED_Set_Pos
    oled.o(i.OLED_ShowCHinese) refers to oled.o(i.OLED_WR_Byte) for OLED_WR_Byte
    oled.o(i.OLED_ShowCHinese) refers to oled.o(.data) for Hzk
    oled.o(i.OLED_ShowChar) refers to oled.o(i.OLED_Set_Pos) for OLED_Set_Pos
    oled.o(i.OLED_ShowChar) refers to oled.o(i.OLED_WR_Byte) for OLED_WR_Byte
    oled.o(i.OLED_ShowChar) refers to oled.o(.constdata) for F8X16
    oled.o(i.OLED_ShowNum) refers to oled.o(i.oled_pow) for oled_pow
    oled.o(i.OLED_ShowNum) refers to oled.o(i.OLED_ShowChar) for OLED_ShowChar
    oled.o(i.OLED_ShowString) refers to oled.o(i.OLED_ShowChar) for OLED_ShowChar
    target.o(i.RGB) refers to delay.o(i.delay_ms) for delay_ms
    target.o(i.RGB) refers to target.o(i.UART3_Process) for UART3_Process
    target.o(i.RGB) refers to target.o(.data) for target_STA
    target.o(i.UART1_Process) refers to oled.o(i.OLED_ShowString) for OLED_ShowString
    target.o(i.UART1_Process) refers to oled.o(i.OLED_ShowNum) for OLED_ShowNum
    target.o(i.UART1_Process) refers to usart.o(.data) for USART_RX_STA
    target.o(i.UART1_Process) refers to usart.o(.bss) for USART_RX_BUF
    target.o(i.UART1_Process) refers to target.o(.data) for target_data
    target.o(i.UART3_Process) refers to oled.o(i.OLED_ShowString) for OLED_ShowString
    target.o(i.UART3_Process) refers to oled.o(i.OLED_ShowNum) for OLED_ShowNum
    target.o(i.UART3_Process) refers to usart.o(.data) for USART3_RX_STA
    target.o(i.UART3_Process) refers to usart.o(.bss) for USART3_RX_BUF
    target.o(i.UART3_Process) refers to target.o(.data) for target_RGB
    target.o(i.target) refers to delay.o(i.delay_ms) for delay_ms
    target.o(i.target) refers to target.o(i.UART1_Process) for UART1_Process
    target.o(i.target) refers to target.o(.data) for target_STA
    use_no_semi_2.o(.text) refers (Special) to use_no_semi.o(.text) for __use_no_semihosting_swi
    __main.o(!!!main) refers to __rtentry.o(.ARM.Collect$$rtentry$$00000000) for __rt_entry
    __rtentry.o(.ARM.Collect$$rtentry$$00000000) refers (Special) to __rtentry2.o(.ARM.Collect$$rtentry$$0000000A) for __rt_entry_li
    __rtentry.o(.ARM.Collect$$rtentry$$00000000) refers (Special) to __rtentry2.o(.ARM.Collect$$rtentry$$0000000D) for __rt_entry_main
    __rtentry.o(.ARM.Collect$$rtentry$$00000000) refers (Special) to __rtentry2.o(.ARM.Collect$$rtentry$$0000000C) for __rt_entry_postli_1
    __rtentry.o(.ARM.Collect$$rtentry$$00000000) refers (Special) to __rtentry2.o(.ARM.Collect$$rtentry$$00000009) for __rt_entry_postsh_1
    __rtentry.o(.ARM.Collect$$rtentry$$00000000) refers (Special) to __rtentry2.o(.ARM.Collect$$rtentry$$00000002) for __rt_entry_presh_1
    __rtentry.o(.ARM.Collect$$rtentry$$00000000) refers (Special) to __rtentry4.o(.ARM.Collect$$rtentry$$00000004) for __rt_entry_sh
    __rtentry2.o(.ARM.Collect$$rtentry$$00000008) refers to boardinit2.o(.text) for _platform_post_stackheap_init
    __rtentry2.o(.ARM.Collect$$rtentry$$0000000A) refers to libinit.o(.ARM.Collect$$libinit$$00000000) for __rt_lib_init
    __rtentry2.o(.ARM.Collect$$rtentry$$0000000B) refers to boardinit3.o(.text) for _platform_post_lib_init
    __rtentry2.o(.ARM.Collect$$rtentry$$0000000D) refers to test.o(i.main) for main
    __rtentry2.o(.ARM.Collect$$rtentry$$0000000D) refers to exit.o(.text) for exit
    __rtentry2.o(.ARM.exidx) refers to __rtentry2.o(.ARM.Collect$$rtentry$$00000001) for .ARM.Collect$$rtentry$$00000001
    __rtentry2.o(.ARM.exidx) refers to __rtentry2.o(.ARM.Collect$$rtentry$$00000008) for .ARM.Collect$$rtentry$$00000008
    __rtentry2.o(.ARM.exidx) refers to __rtentry2.o(.ARM.Collect$$rtentry$$0000000A) for .ARM.Collect$$rtentry$$0000000A
    __rtentry2.o(.ARM.exidx) refers to __rtentry2.o(.ARM.Collect$$rtentry$$0000000B) for .ARM.Collect$$rtentry$$0000000B
    __rtentry2.o(.ARM.exidx) refers to __rtentry2.o(.ARM.Collect$$rtentry$$0000000D) for .ARM.Collect$$rtentry$$0000000D
    __rtentry4.o(.ARM.Collect$$rtentry$$00000004) refers to sys_stackheap_outer.o(.text) for __user_setup_stackheap
    __rtentry4.o(.ARM.exidx) refers to __rtentry4.o(.ARM.Collect$$rtentry$$00000004) for .ARM.Collect$$rtentry$$00000004
    sys_stackheap_outer.o(.text) refers to libspace.o(.text) for __user_perproc_libspace
    sys_stackheap_outer.o(.text) refers to startup_stm32f40_41xxx.o(.text) for __user_initial_stackheap
    exit.o(.text) refers to rtexit.o(.ARM.Collect$$rtexit$$00000000) for __rt_exit
    libinit.o(.ARM.Collect$$libinit$$00000000) refers (Special) to libinit2.o(.ARM.Collect$$libinit$$0000002E) for __rt_lib_init_alloca_1
    libinit.o(.ARM.Collect$$libinit$$00000000) refers (Special) to libinit2.o(.ARM.Collect$$libinit$$0000002C) for __rt_lib_init_argv_1
    libinit.o(.ARM.Collect$$libinit$$00000000) refers (Special) to libinit2.o(.ARM.Collect$$libinit$$0000001B) for __rt_lib_init_atexit_1
    libinit.o(.ARM.Collect$$libinit$$00000000) refers (Special) to libinit2.o(.ARM.Collect$$libinit$$00000021) for __rt_lib_init_clock_1
    libinit.o(.ARM.Collect$$libinit$$00000000) refers (Special) to libinit2.o(.ARM.Collect$$libinit$$00000032) for __rt_lib_init_cpp_1
    libinit.o(.ARM.Collect$$libinit$$00000000) refers (Special) to libinit2.o(.ARM.Collect$$libinit$$00000030) for __rt_lib_init_exceptions_1
    libinit.o(.ARM.Collect$$libinit$$00000000) refers (Special) to libinit2.o(.ARM.Collect$$libinit$$00000001) for __rt_lib_init_fp_1
    libinit.o(.ARM.Collect$$libinit$$00000000) refers (Special) to libinit2.o(.ARM.Collect$$libinit$$0000001F) for __rt_lib_init_fp_trap_1
    libinit.o(.ARM.Collect$$libinit$$00000000) refers (Special) to libinit2.o(.ARM.Collect$$libinit$$00000023) for __rt_lib_init_getenv_1
    libinit.o(.ARM.Collect$$libinit$$00000000) refers (Special) to libinit2.o(.ARM.Collect$$libinit$$0000000A) for __rt_lib_init_heap_1
    libinit.o(.ARM.Collect$$libinit$$00000000) refers (Special) to libinit2.o(.ARM.Collect$$libinit$$00000011) for __rt_lib_init_lc_collate_1
    libinit.o(.ARM.Collect$$libinit$$00000000) refers (Special) to libinit2.o(.ARM.Collect$$libinit$$00000013) for __rt_lib_init_lc_ctype_1
    libinit.o(.ARM.Collect$$libinit$$00000000) refers (Special) to libinit2.o(.ARM.Collect$$libinit$$00000015) for __rt_lib_init_lc_monetary_1
    libinit.o(.ARM.Collect$$libinit$$00000000) refers (Special) to libinit2.o(.ARM.Collect$$libinit$$00000017) for __rt_lib_init_lc_numeric_1
    libinit.o(.ARM.Collect$$libinit$$00000000) refers (Special) to libinit2.o(.ARM.Collect$$libinit$$00000019) for __rt_lib_init_lc_time_1
    libinit.o(.ARM.Collect$$libinit$$00000000) refers (Special) to libinit2.o(.ARM.Collect$$libinit$$00000004) for __rt_lib_init_preinit_1
    libinit.o(.ARM.Collect$$libinit$$00000000) refers (Special) to libinit2.o(.ARM.Collect$$libinit$$0000000E) for __rt_lib_init_rand_1
    libinit.o(.ARM.Collect$$libinit$$00000000) refers (Special) to libinit2.o(.ARM.Collect$$libinit$$00000033) for __rt_lib_init_return
    libinit.o(.ARM.Collect$$libinit$$00000000) refers (Special) to libinit2.o(.ARM.Collect$$libinit$$0000001D) for __rt_lib_init_signal_1
    libinit.o(.ARM.Collect$$libinit$$00000000) refers (Special) to libinit2.o(.ARM.Collect$$libinit$$00000025) for __rt_lib_init_stdio_1
    libinit.o(.ARM.Collect$$libinit$$00000000) refers (Special) to libinit2.o(.ARM.Collect$$libinit$$0000000C) for __rt_lib_init_user_alloc_1
    libspace.o(.text) refers to libspace.o(.bss) for __libspace_start
    rtexit.o(.ARM.Collect$$rtexit$$00000000) refers (Special) to rtexit2.o(.ARM.Collect$$rtexit$$00000004) for __rt_exit_exit
    rtexit.o(.ARM.Collect$$rtexit$$00000000) refers (Special) to rtexit2.o(.ARM.Collect$$rtexit$$00000003) for __rt_exit_ls
    rtexit.o(.ARM.Collect$$rtexit$$00000000) refers (Special) to rtexit2.o(.ARM.Collect$$rtexit$$00000002) for __rt_exit_prels_1
    rtexit.o(.ARM.exidx) refers (Special) to rtexit2.o(.ARM.Collect$$rtexit$$00000004) for __rt_exit_exit
    rtexit.o(.ARM.exidx) refers (Special) to rtexit2.o(.ARM.Collect$$rtexit$$00000003) for __rt_exit_ls
    rtexit.o(.ARM.exidx) refers (Special) to rtexit2.o(.ARM.Collect$$rtexit$$00000002) for __rt_exit_prels_1
    rtexit.o(.ARM.exidx) refers to rtexit.o(.ARM.Collect$$rtexit$$00000000) for .ARM.Collect$$rtexit$$00000000
    libinit2.o(.ARM.Collect$$libinit$$00000001) refers to fpinit.o(x$fpl$fpinit) for _fp_init
    libinit2.o(.ARM.Collect$$libinit$$00000010) refers to libinit2.o(.ARM.Collect$$libinit$$0000000F) for .ARM.Collect$$libinit$$0000000F
    libinit2.o(.ARM.Collect$$libinit$$00000012) refers to libinit2.o(.ARM.Collect$$libinit$$0000000F) for .ARM.Collect$$libinit$$0000000F
    libinit2.o(.ARM.Collect$$libinit$$00000014) refers to libinit2.o(.ARM.Collect$$libinit$$0000000F) for .ARM.Collect$$libinit$$0000000F
    libinit2.o(.ARM.Collect$$libinit$$00000016) refers to libinit2.o(.ARM.Collect$$libinit$$0000000F) for .ARM.Collect$$libinit$$0000000F
    libinit2.o(.ARM.Collect$$libinit$$00000018) refers to libinit2.o(.ARM.Collect$$libinit$$0000000F) for .ARM.Collect$$libinit$$0000000F
    libinit2.o(.ARM.Collect$$libinit$$00000026) refers to argv_veneer.o(.emb_text) for __ARM_argv_veneer
    libinit2.o(.ARM.Collect$$libinit$$00000027) refers to argv_veneer.o(.emb_text) for __ARM_argv_veneer
    rtexit2.o(.ARM.Collect$$rtexit$$00000003) refers to libshutdown.o(.ARM.Collect$$libshutdown$$00000000) for __rt_lib_shutdown
    rtexit2.o(.ARM.Collect$$rtexit$$00000004) refers to usart.o(i._sys_exit) for _sys_exit
    rtexit2.o(.ARM.exidx) refers to rtexit2.o(.ARM.Collect$$rtexit$$00000001) for .ARM.Collect$$rtexit$$00000001
    rtexit2.o(.ARM.exidx) refers to rtexit2.o(.ARM.Collect$$rtexit$$00000003) for .ARM.Collect$$rtexit$$00000003
    rtexit2.o(.ARM.exidx) refers to rtexit2.o(.ARM.Collect$$rtexit$$00000004) for .ARM.Collect$$rtexit$$00000004
    argv_veneer.o(.emb_text) refers to no_argv.o(.text) for __ARM_get_argv
    _get_argv_nomalloc.o(.text) refers (Special) to hrguard.o(.text) for __heap_region$guard
    _get_argv_nomalloc.o(.text) refers to defsig_rtmem_outer.o(.text) for __rt_SIGRTMEM
    _get_argv_nomalloc.o(.text) refers to sys_command.o(.text) for _sys_command_string
    libshutdown.o(.ARM.Collect$$libshutdown$$00000000) refers (Special) to libshutdown2.o(.ARM.Collect$$libshutdown$$00000006) for __rt_lib_shutdown_fp_trap_1
    libshutdown.o(.ARM.Collect$$libshutdown$$00000000) refers (Special) to libshutdown2.o(.ARM.Collect$$libshutdown$$0000000E) for __rt_lib_shutdown_heap_1
    libshutdown.o(.ARM.Collect$$libshutdown$$00000000) refers (Special) to libshutdown2.o(.ARM.Collect$$libshutdown$$0000000F) for __rt_lib_shutdown_return
    libshutdown.o(.ARM.Collect$$libshutdown$$00000000) refers (Special) to libshutdown2.o(.ARM.Collect$$libshutdown$$00000009) for __rt_lib_shutdown_signal_1
    libshutdown.o(.ARM.Collect$$libshutdown$$00000000) refers (Special) to libshutdown2.o(.ARM.Collect$$libshutdown$$00000003) for __rt_lib_shutdown_stdio_1
    libshutdown.o(.ARM.Collect$$libshutdown$$00000000) refers (Special) to libshutdown2.o(.ARM.Collect$$libshutdown$$0000000B) for __rt_lib_shutdown_user_alloc_1
    sys_command.o(.text) refers (Special) to use_no_semi.o(.text) for __I$use$semihosting
    sys_command.o(.text) refers (Special) to indicate_semi.o(.text) for __semihosting_library_function
    defsig_rtmem_outer.o(.text) refers to defsig_rtmem_inner.o(.text) for __rt_SIGRTMEM_inner
    defsig_rtmem_outer.o(.text) refers to defsig_exit.o(.text) for __sig_exit
    defsig_rtmem_formal.o(.text) refers to rt_raise.o(.text) for __rt_raise
    rt_raise.o(.text) refers to __raise.o(.text) for __raise
    rt_raise.o(.text) refers to usart.o(i._sys_exit) for _sys_exit
    defsig_exit.o(.text) refers to usart.o(i._sys_exit) for _sys_exit
    defsig_rtmem_inner.o(.text) refers to defsig_general.o(.text) for __default_signal_display
    __raise.o(.text) refers to defsig.o(CL$$defsig) for __default_signal_handler
    defsig_general.o(.text) refers to sys_wrch.o(.text) for _ttywrch
    sys_wrch.o(.text) refers (Special) to use_no_semi.o(.text) for __I$use$semihosting
    sys_wrch.o(.text) refers (Special) to indicate_semi.o(.text) for __semihosting_library_function
    defsig.o(CL$$defsig) refers to defsig_rtmem_inner.o(.text) for __rt_SIGRTMEM_inner
    defsig_abrt_inner.o(.text) refers to defsig_general.o(.text) for __default_signal_display
    defsig_fpe_inner.o(.text) refers to defsig_general.o(.text) for __default_signal_display
    defsig_rtred_inner.o(.text) refers to defsig_general.o(.text) for __default_signal_display
    defsig_stak_inner.o(.text) refers to defsig_general.o(.text) for __default_signal_display
    defsig_pvfn_inner.o(.text) refers to defsig_general.o(.text) for __default_signal_display
    defsig_cppl_inner.o(.text) refers to defsig_general.o(.text) for __default_signal_display
    defsig_segv_inner.o(.text) refers to defsig_general.o(.text) for __default_signal_display
    defsig_other.o(.text) refers to defsig_general.o(.text) for __default_signal_display


==============================================================================

Removing Unused input sections from the image.

    Removing test.o(.rev16_text), (4 bytes).
    Removing test.o(.revsh_text), (4 bytes).
    Removing test.o(.data), (2 bytes).
    Removing delay.o(.rev16_text), (4 bytes).
    Removing delay.o(.revsh_text), (4 bytes).
    Removing delay.o(i.delay_us), (60 bytes).
    Removing sys.o(.rev16_text), (4 bytes).
    Removing sys.o(.revsh_text), (4 bytes).
    Removing sys.o(.emb_text), (6 bytes).
    Removing sys.o(i.Ex_NVIC_Config), (180 bytes).
    Removing sys.o(i.INTX_DISABLE), (4 bytes).
    Removing sys.o(i.INTX_ENABLE), (4 bytes).
    Removing sys.o(i.Sys_Soft_Reset), (16 bytes).
    Removing sys.o(i.Sys_Standby), (76 bytes).
    Removing sys.o(i.WFI_SET), (4 bytes).
    Removing usart.o(.rev16_text), (4 bytes).
    Removing usart.o(.revsh_text), (4 bytes).
    Removing usart.o(i.fputc), (28 bytes).
    Removing led.o(.rev16_text), (4 bytes).
    Removing led.o(.revsh_text), (4 bytes).
    Removing led.o(i.LED_Init), (64 bytes).
    Removing timer.o(.rev16_text), (4 bytes).
    Removing timer.o(.revsh_text), (4 bytes).
    Removing gray.o(.rev16_text), (4 bytes).
    Removing gray.o(.revsh_text), (4 bytes).
    Removing motor.o(.rev16_text), (4 bytes).
    Removing motor.o(.revsh_text), (4 bytes).
    Removing servo.o(.rev16_text), (4 bytes).
    Removing servo.o(.revsh_text), (4 bytes).
    Removing servo.o(i.TIM1_PWM_Init), (192 bytes).
    Removing servo.o(i.TIM5_PWM_Init), (268 bytes).
    Removing control.o(.rev16_text), (4 bytes).
    Removing control.o(.revsh_text), (4 bytes).
    Removing action.o(.rev16_text), (4 bytes).
    Removing action.o(.revsh_text), (4 bytes).
    Removing oled.o(.rev16_text), (4 bytes).
    Removing oled.o(.revsh_text), (4 bytes).
    Removing oled.o(i.OLED_Display_Off), (28 bytes).
    Removing oled.o(i.OLED_Display_On), (28 bytes).
    Removing oled.o(i.OLED_DrawBMP), (118 bytes).
    Removing oled.o(i.OLED_ShowCHinese), (104 bytes).
    Removing oled.o(.data), (448 bytes).
    Removing target.o(.rev16_text), (4 bytes).
    Removing target.o(.revsh_text), (4 bytes).
    Removing target.o(i.UART1_Process), (164 bytes).
    Removing target.o(i.target), (44 bytes).

46 unused section(s) (total 1942 bytes) removed from the image.

==============================================================================

Image Symbol Table

    Local Symbols

    Symbol Name                              Value     Ov Type        Size  Object(Section)

    ../clib/angel/boardlib.s                 0x00000000   Number         0  boardinit1.o ABSOLUTE
    ../clib/angel/boardlib.s                 0x00000000   Number         0  boardinit2.o ABSOLUTE
    ../clib/angel/boardlib.s                 0x00000000   Number         0  boardinit3.o ABSOLUTE
    ../clib/angel/boardlib.s                 0x00000000   Number         0  boardshut.o ABSOLUTE
    ../clib/angel/handlers.s                 0x00000000   Number         0  __scatter_zi.o ABSOLUTE
    ../clib/angel/handlers.s                 0x00000000   Number         0  __scatter_copy.o ABSOLUTE
    ../clib/angel/kernel.s                   0x00000000   Number         0  rtexit2.o ABSOLUTE
    ../clib/angel/kernel.s                   0x00000000   Number         0  __rtentry.o ABSOLUTE
    ../clib/angel/kernel.s                   0x00000000   Number         0  __rtentry2.o ABSOLUTE
    ../clib/angel/kernel.s                   0x00000000   Number         0  __rtentry4.o ABSOLUTE
    ../clib/angel/kernel.s                   0x00000000   Number         0  rtexit.o ABSOLUTE
    ../clib/angel/rt.s                       0x00000000   Number         0  rt_raise.o ABSOLUTE
    ../clib/angel/scatter.s                  0x00000000   Number         0  __scatter.o ABSOLUTE
    ../clib/angel/startup.s                  0x00000000   Number         0  __main.o ABSOLUTE
    ../clib/angel/sys.s                      0x00000000   Number         0  sys_stackheap_outer.o ABSOLUTE
    ../clib/angel/sys.s                      0x00000000   Number         0  indicate_semi.o ABSOLUTE
    ../clib/angel/sys.s                      0x00000000   Number         0  use_no_semi.o ABSOLUTE
    ../clib/angel/sys.s                      0x00000000   Number         0  use_no_semi_2.o ABSOLUTE
    ../clib/angel/sys.s                      0x00000000   Number         0  libspace.o ABSOLUTE
    ../clib/angel/sysapp.c                   0x00000000   Number         0  sys_wrch.o ABSOLUTE
    ../clib/angel/sysapp.c                   0x00000000   Number         0  sys_command.o ABSOLUTE
    ../clib/armsys.c                         0x00000000   Number         0  argv_veneer.o ABSOLUTE
    ../clib/armsys.c                         0x00000000   Number         0  _get_argv_nomalloc.o ABSOLUTE
    ../clib/armsys.c                         0x00000000   Number         0  argv_veneer.o ABSOLUTE
    ../clib/armsys.c                         0x00000000   Number         0  no_argv.o ABSOLUTE
    ../clib/heapalloc.c                      0x00000000   Number         0  hrguard.o ABSOLUTE
    ../clib/heapaux.c                        0x00000000   Number         0  heapauxi.o ABSOLUTE
    ../clib/libinit.s                        0x00000000   Number         0  libshutdown2.o ABSOLUTE
    ../clib/libinit.s                        0x00000000   Number         0  libshutdown.o ABSOLUTE
    ../clib/libinit.s                        0x00000000   Number         0  libinit.o ABSOLUTE
    ../clib/libinit.s                        0x00000000   Number         0  libinit2.o ABSOLUTE
    ../clib/signal.c                         0x00000000   Number         0  __raise.o ABSOLUTE
    ../clib/signal.c                         0x00000000   Number         0  defsig_rtmem_formal.o ABSOLUTE
    ../clib/signal.c                         0x00000000   Number         0  defsig_abrt_inner.o ABSOLUTE
    ../clib/signal.c                         0x00000000   Number         0  defsig_fpe_inner.o ABSOLUTE
    ../clib/signal.c                         0x00000000   Number         0  defsig_exit.o ABSOLUTE
    ../clib/signal.c                         0x00000000   Number         0  defsig_rtred_inner.o ABSOLUTE
    ../clib/signal.c                         0x00000000   Number         0  defsig_stak_inner.o ABSOLUTE
    ../clib/signal.c                         0x00000000   Number         0  defsig_pvfn_inner.o ABSOLUTE
    ../clib/signal.c                         0x00000000   Number         0  defsig_cppl_inner.o ABSOLUTE
    ../clib/signal.c                         0x00000000   Number         0  defsig_segv_inner.o ABSOLUTE
    ../clib/signal.c                         0x00000000   Number         0  defsig_rtmem_outer.o ABSOLUTE
    ../clib/signal.c                         0x00000000   Number         0  defsig_general.o ABSOLUTE
    ../clib/signal.c                         0x00000000   Number         0  defsig_rtmem_inner.o ABSOLUTE
    ../clib/signal.c                         0x00000000   Number         0  defsig_other.o ABSOLUTE
    ../clib/signal.s                         0x00000000   Number         0  defsig.o ABSOLUTE
    ../clib/stdlib.c                         0x00000000   Number         0  exit.o ABSOLUTE
    ../fplib/fpinit.s                        0x00000000   Number         0  fpinit.o ABSOLUTE
    ..\HARDWARE\LED\led.c                    0x00000000   Number         0  led.o ABSOLUTE
    ..\HARDWARE\OLED\oled.c                  0x00000000   Number         0  oled.o ABSOLUTE
    ..\HARDWARE\TIMER\timer.c                0x00000000   Number         0  timer.o ABSOLUTE
    ..\HARDWARE\action\action.c              0x00000000   Number         0  action.o ABSOLUTE
    ..\HARDWARE\control\control.c            0x00000000   Number         0  control.o ABSOLUTE
    ..\HARDWARE\gray\gray.c                  0x00000000   Number         0  gray.o ABSOLUTE
    ..\HARDWARE\motor\motor.c                0x00000000   Number         0  motor.o ABSOLUTE
    ..\HARDWARE\servo\servo.c                0x00000000   Number         0  servo.o ABSOLUTE
    ..\HARDWARE\target\target.c              0x00000000   Number         0  target.o ABSOLUTE
    ..\SYSTEM\delay\delay.c                  0x00000000   Number         0  delay.o ABSOLUTE
    ..\SYSTEM\sys\sys.c                      0x00000000   Number         0  sys.o ABSOLUTE
    ..\SYSTEM\usart\usart.c                  0x00000000   Number         0  usart.o ABSOLUTE
    ..\\HARDWARE\\LED\\led.c                 0x00000000   Number         0  led.o ABSOLUTE
    ..\\HARDWARE\\OLED\\oled.c               0x00000000   Number         0  oled.o ABSOLUTE
    ..\\HARDWARE\\TIMER\\timer.c             0x00000000   Number         0  timer.o ABSOLUTE
    ..\\HARDWARE\\action\\action.c           0x00000000   Number         0  action.o ABSOLUTE
    ..\\HARDWARE\\control\\control.c         0x00000000   Number         0  control.o ABSOLUTE
    ..\\HARDWARE\\gray\\gray.c               0x00000000   Number         0  gray.o ABSOLUTE
    ..\\HARDWARE\\motor\\motor.c             0x00000000   Number         0  motor.o ABSOLUTE
    ..\\HARDWARE\\servo\\servo.c             0x00000000   Number         0  servo.o ABSOLUTE
    ..\\HARDWARE\\target\\target.c           0x00000000   Number         0  target.o ABSOLUTE
    ..\\SYSTEM\\delay\\delay.c               0x00000000   Number         0  delay.o ABSOLUTE
    ..\\SYSTEM\\sys\\sys.c                   0x00000000   Number         0  sys.o ABSOLUTE
    ..\\SYSTEM\\usart\\usart.c               0x00000000   Number         0  usart.o ABSOLUTE
    dc.s                                     0x00000000   Number         0  dc.o ABSOLUTE
    startup_stm32f40_41xxx.s                 0x00000000   Number         0  startup_stm32f40_41xxx.o ABSOLUTE
    test.c                                   0x00000000   Number         0  test.o ABSOLUTE
    test.c                                   0x00000000   Number         0  test.o ABSOLUTE
    RESET                                    0x08000000   Section      392  startup_stm32f40_41xxx.o(RESET)
    !!!main                                  0x08000188   Section        8  __main.o(!!!main)
    !!!scatter                               0x08000190   Section       52  __scatter.o(!!!scatter)
    !!handler_copy                           0x080001c4   Section       26  __scatter_copy.o(!!handler_copy)
    !!handler_zi                             0x080001e0   Section       28  __scatter_zi.o(!!handler_zi)
    .ARM.Collect$$libinit$$00000000          0x080001fc   Section        2  libinit.o(.ARM.Collect$$libinit$$00000000)
    .ARM.Collect$$libinit$$00000001          0x080001fe   Section        4  libinit2.o(.ARM.Collect$$libinit$$00000001)
    .ARM.Collect$$libinit$$00000004          0x08000202   Section        0  libinit2.o(.ARM.Collect$$libinit$$00000004)
    .ARM.Collect$$libinit$$0000000A          0x08000202   Section        0  libinit2.o(.ARM.Collect$$libinit$$0000000A)
    .ARM.Collect$$libinit$$0000000C          0x08000202   Section        0  libinit2.o(.ARM.Collect$$libinit$$0000000C)
    .ARM.Collect$$libinit$$0000000E          0x08000202   Section        0  libinit2.o(.ARM.Collect$$libinit$$0000000E)
    .ARM.Collect$$libinit$$00000011          0x08000202   Section        0  libinit2.o(.ARM.Collect$$libinit$$00000011)
    .ARM.Collect$$libinit$$00000013          0x08000202   Section        0  libinit2.o(.ARM.Collect$$libinit$$00000013)
    .ARM.Collect$$libinit$$00000015          0x08000202   Section        0  libinit2.o(.ARM.Collect$$libinit$$00000015)
    .ARM.Collect$$libinit$$00000017          0x08000202   Section        0  libinit2.o(.ARM.Collect$$libinit$$00000017)
    .ARM.Collect$$libinit$$00000019          0x08000202   Section        0  libinit2.o(.ARM.Collect$$libinit$$00000019)
    .ARM.Collect$$libinit$$0000001B          0x08000202   Section        0  libinit2.o(.ARM.Collect$$libinit$$0000001B)
    .ARM.Collect$$libinit$$0000001D          0x08000202   Section        0  libinit2.o(.ARM.Collect$$libinit$$0000001D)
    .ARM.Collect$$libinit$$0000001F          0x08000202   Section        0  libinit2.o(.ARM.Collect$$libinit$$0000001F)
    .ARM.Collect$$libinit$$00000021          0x08000202   Section        0  libinit2.o(.ARM.Collect$$libinit$$00000021)
    .ARM.Collect$$libinit$$00000023          0x08000202   Section        0  libinit2.o(.ARM.Collect$$libinit$$00000023)
    .ARM.Collect$$libinit$$00000025          0x08000202   Section        0  libinit2.o(.ARM.Collect$$libinit$$00000025)
    .ARM.Collect$$libinit$$0000002C          0x08000202   Section        0  libinit2.o(.ARM.Collect$$libinit$$0000002C)
    .ARM.Collect$$libinit$$0000002E          0x08000202   Section        0  libinit2.o(.ARM.Collect$$libinit$$0000002E)
    .ARM.Collect$$libinit$$00000030          0x08000202   Section        0  libinit2.o(.ARM.Collect$$libinit$$00000030)
    .ARM.Collect$$libinit$$00000032          0x08000202   Section        0  libinit2.o(.ARM.Collect$$libinit$$00000032)
    .ARM.Collect$$libinit$$00000033          0x08000202   Section        2  libinit2.o(.ARM.Collect$$libinit$$00000033)
    .ARM.Collect$$libshutdown$$00000000      0x08000204   Section        2  libshutdown.o(.ARM.Collect$$libshutdown$$00000000)
    .ARM.Collect$$libshutdown$$00000003      0x08000206   Section        0  libshutdown2.o(.ARM.Collect$$libshutdown$$00000003)
    .ARM.Collect$$libshutdown$$00000006      0x08000206   Section        0  libshutdown2.o(.ARM.Collect$$libshutdown$$00000006)
    .ARM.Collect$$libshutdown$$00000009      0x08000206   Section        0  libshutdown2.o(.ARM.Collect$$libshutdown$$00000009)
    .ARM.Collect$$libshutdown$$0000000B      0x08000206   Section        0  libshutdown2.o(.ARM.Collect$$libshutdown$$0000000B)
    .ARM.Collect$$libshutdown$$0000000E      0x08000206   Section        0  libshutdown2.o(.ARM.Collect$$libshutdown$$0000000E)
    .ARM.Collect$$libshutdown$$0000000F      0x08000206   Section        2  libshutdown2.o(.ARM.Collect$$libshutdown$$0000000F)
    .ARM.Collect$$rtentry$$00000000          0x08000208   Section        0  __rtentry.o(.ARM.Collect$$rtentry$$00000000)
    .ARM.Collect$$rtentry$$00000002          0x08000208   Section        0  __rtentry2.o(.ARM.Collect$$rtentry$$00000002)
    .ARM.Collect$$rtentry$$00000004          0x08000208   Section        6  __rtentry4.o(.ARM.Collect$$rtentry$$00000004)
    .ARM.Collect$$rtentry$$00000009          0x0800020e   Section        0  __rtentry2.o(.ARM.Collect$$rtentry$$00000009)
    .ARM.Collect$$rtentry$$0000000A          0x0800020e   Section        4  __rtentry2.o(.ARM.Collect$$rtentry$$0000000A)
    .ARM.Collect$$rtentry$$0000000C          0x08000212   Section        0  __rtentry2.o(.ARM.Collect$$rtentry$$0000000C)
    .ARM.Collect$$rtentry$$0000000D          0x08000212   Section        8  __rtentry2.o(.ARM.Collect$$rtentry$$0000000D)
    .ARM.Collect$$rtexit$$00000000           0x0800021a   Section        2  rtexit.o(.ARM.Collect$$rtexit$$00000000)
    .ARM.Collect$$rtexit$$00000002           0x0800021c   Section        0  rtexit2.o(.ARM.Collect$$rtexit$$00000002)
    .ARM.Collect$$rtexit$$00000003           0x0800021c   Section        4  rtexit2.o(.ARM.Collect$$rtexit$$00000003)
    .ARM.Collect$$rtexit$$00000004           0x08000220   Section        6  rtexit2.o(.ARM.Collect$$rtexit$$00000004)
    .text                                    0x08000228   Section       68  startup_stm32f40_41xxx.o(.text)
    $v0                                      0x08000228   Number         0  startup_stm32f40_41xxx.o(.text)
    .text                                    0x0800026c   Section        2  use_no_semi_2.o(.text)
    .text                                    0x0800026e   Section        0  heapauxi.o(.text)
    .text                                    0x08000274   Section        2  use_no_semi.o(.text)
    .text                                    0x08000276   Section       74  sys_stackheap_outer.o(.text)
    .text                                    0x080002c0   Section        0  exit.o(.text)
    .text                                    0x080002cc   Section        8  libspace.o(.text)
    i.BACK                                   0x080002d4   Section        0  control.o(i.BACK)
    i.BACK_BZ                                0x08000340   Section        0  control.o(i.BACK_BZ)
    i.BACK_Track                             0x08000440   Section        0  control.o(i.BACK_Track)
    i.Begin                                  0x0800055c   Section        0  action.o(i.Begin)
    i.FRONT                                  0x08000698   Section        0  control.o(i.FRONT)
    i.FRONT_BZ                               0x08000708   Section        0  control.o(i.FRONT_BZ)
    i.FRONT_Track                            0x08000808   Section        0  control.o(i.FRONT_Track)
    i.GPIO_AF_Set                            0x08000928   Section        0  sys.o(i.GPIO_AF_Set)
    i.GPIO_Set                               0x08000968   Section        0  sys.o(i.GPIO_Set)
    i.Get_1                                  0x08000a48   Section        0  action.o(i.Get_1)
    i.Get_2                                  0x08000a80   Section        0  action.o(i.Get_2)
    i.Get_3                                  0x08000ad0   Section        0  action.o(i.Get_3)
    i.LEFT                                   0x08000b20   Section        0  control.o(i.LEFT)
    i.LEFT_BZ                                0x08000b90   Section        0  control.o(i.LEFT_BZ)
    i.LEFT_Track                             0x08000ce8   Section        0  control.o(i.LEFT_Track)
    i.MY_NVIC_Init                           0x08000e64   Section        0  sys.o(i.MY_NVIC_Init)
    i.MY_NVIC_PriorityGroupConfig            0x08000edc   Section        0  sys.o(i.MY_NVIC_PriorityGroupConfig)
    i.MY_NVIC_SetVectorTable                 0x08000f04   Section        0  sys.o(i.MY_NVIC_SetVectorTable)
    i.Motor_A                                0x08000f14   Section        0  motor.o(i.Motor_A)
    i.Motor_B                                0x08000f64   Section        0  motor.o(i.Motor_B)
    i.Motor_C                                0x08000fb4   Section        0  motor.o(i.Motor_C)
    i.Motor_D                                0x08001004   Section        0  motor.o(i.Motor_D)
    i.Motor_int                              0x08001054   Section        0  motor.o(i.Motor_int)
    i.Move                                   0x08001084   Section        0  control.o(i.Move)
    i.OLED_Clear                             0x080010f4   Section        0  oled.o(i.OLED_Clear)
    i.OLED_Init                              0x08001134   Section        0  oled.o(i.OLED_Init)
    i.OLED_Set_Pos                           0x080012e8   Section        0  oled.o(i.OLED_Set_Pos)
    i.OLED_ShowChar                          0x08001318   Section        0  oled.o(i.OLED_ShowChar)
    i.OLED_ShowNum                           0x08001388   Section        0  oled.o(i.OLED_ShowNum)
    i.OLED_ShowString                        0x0800140c   Section        0  oled.o(i.OLED_ShowString)
    i.OLED_WR_Byte                           0x08001440   Section        0  oled.o(i.OLED_WR_Byte)
    i.Put                                    0x080014ac   Section        0  action.o(i.Put)
    i.RGB                                    0x0800153c   Section        0  target.o(i.RGB)
    i.RIGHT                                  0x08001568   Section        0  control.o(i.RIGHT)
    i.RIGHT_BZ                               0x080015d4   Section        0  control.o(i.RIGHT_BZ)
    i.RIGHT_Track                            0x0800172c   Section        0  control.o(i.RIGHT_Track)
    i.Servo_Get_1                            0x080018b8   Section        0  action.o(i.Servo_Get_1)
    i.Servo_Get_2                            0x08001900   Section        0  action.o(i.Servo_Get_2)
    i.Servo_Get_3                            0x08001950   Section        0  action.o(i.Servo_Get_3)
    i.Set_Pwm                                0x080019b8   Section        0  motor.o(i.Set_Pwm)
    i.Stm32_Clock_Init                       0x08001ad4   Section        0  sys.o(i.Stm32_Clock_Init)
    i.Sys_Clock_Set                          0x08001b3c   Section        0  sys.o(i.Sys_Clock_Set)
    i.TIM2_IRQHandler                        0x08001c48   Section        0  timer.o(i.TIM2_IRQHandler)
    i.TIM2_Int_Init                          0x08001c70   Section        0  timer.o(i.TIM2_Int_Init)
    i.TIM3_PWM_Init                          0x08001cb0   Section        0  servo.o(i.TIM3_PWM_Init)
    i.TIM4_PWM_Init                          0x08001dc4   Section        0  servo.o(i.TIM4_PWM_Init)
    i.TIM8_PWM_Init                          0x08001edc   Section        0  motor.o(i.TIM8_PWM_Init)
    i.Tracking                               0x08002004   Section        0  control.o(i.Tracking)
    i.UART3_Process                          0x080020d0   Section        0  target.o(i.UART3_Process)
    i.USART1_IRQHandler                      0x08002184   Section        0  usart.o(i.USART1_IRQHandler)
    i.USART3_IRQHandler                      0x080021e0   Section        0  usart.o(i.USART3_IRQHandler)
    i._sys_exit                              0x08002240   Section        0  usart.o(i._sys_exit)
    i.delay_init                             0x08002244   Section        0  delay.o(i.delay_init)
    i.delay_ms                               0x08002284   Section        0  delay.o(i.delay_ms)
    i.delay_xms                              0x080022bc   Section        0  delay.o(i.delay_xms)
    i.gray_data                              0x080022f8   Section        0  gray.o(i.gray_data)
    i.gray_int                               0x08002344   Section        0  gray.o(i.gray_int)
    i.guiwei                                 0x080023bc   Section        0  action.o(i.guiwei)
    i.main                                   0x080023f0   Section        0  test.o(i.main)
    i.myabs                                  0x08002484   Section        0  motor.o(i.myabs)
    i.oled_pow                               0x08002492   Section        0  oled.o(i.oled_pow)
    i.uart3_init                             0x080024a8   Section        0  usart.o(i.uart3_init)
    i.uart_init                              0x080025b0   Section        0  usart.o(i.uart_init)
    x$fpl$fpinit                             0x080026b0   Section       10  fpinit.o(x$fpl$fpinit)
    $v0                                      0x080026b0   Number         0  fpinit.o(x$fpl$fpinit)
    .constdata                               0x080026ba   Section     2072  oled.o(.constdata)
    .data                                    0x20000000   Section        4  delay.o(.data)
    fac_us                                   0x20000000   Data           1  delay.o(.data)
    fac_ms                                   0x20000002   Data           2  delay.o(.data)
    .data                                    0x20000004   Section        8  usart.o(.data)
    .data                                    0x2000000c   Section        8  gray.o(.data)
    .data                                    0x20000014   Section       16  control.o(.data)
    .data                                    0x20000024   Section        7  target.o(.data)
    .bss                                     0x2000002c   Section      400  usart.o(.bss)
    .bss                                     0x200001bc   Section       96  libspace.o(.bss)
    HEAP                                     0x20000220   Section        0  startup_stm32f40_41xxx.o(HEAP)
    STACK                                    0x20000220   Section     1024  startup_stm32f40_41xxx.o(STACK)
    Heap_Mem                                 0x20000220   Data           0  startup_stm32f40_41xxx.o(HEAP)
    Stack_Mem                                0x20000220   Data        1024  startup_stm32f40_41xxx.o(STACK)
    __initial_sp                             0x20000620   Data           0  startup_stm32f40_41xxx.o(STACK)

    Global Symbols

    Symbol Name                              Value     Ov Type        Size  Object(Section)

    BuildAttributes$$THM_ISAv4$E$P$D$K$B$S$7EM$VFPi3$EXTD16$VFPS$VFMA$PE$A:L22UL41UL21$X:L11$S22US41US21$IEEE1$IW$USESV6$~STKCKD$USESV7$~SHL$OSPACE$ROPI$EBA8$UX$STANDARDLIB$REQ8$PRES8$EABIv2 0x00000000   Number         0  anon$$obj.o ABSOLUTE
    __ARM_use_no_argv                        0x00000000   Number         0  test.o ABSOLUTE
    __ARM_exceptions_init                     - Undefined Weak Reference
    __alloca_initialize                       - Undefined Weak Reference
    __arm_preinit_                            - Undefined Weak Reference
    __cpp_initialize__aeabi_                  - Undefined Weak Reference
    __cxa_finalize                            - Undefined Weak Reference
    __rt_locale                               - Undefined Weak Reference
    __sigvec_lookup                           - Undefined Weak Reference
    _atexit_init                              - Undefined Weak Reference
    _call_atexit_fns                          - Undefined Weak Reference
    _clock_init                               - Undefined Weak Reference
    _fp_trap_init                             - Undefined Weak Reference
    _fp_trap_shutdown                         - Undefined Weak Reference
    _get_lc_collate                           - Undefined Weak Reference
    _get_lc_ctype                             - Undefined Weak Reference
    _get_lc_monetary                          - Undefined Weak Reference
    _get_lc_numeric                           - Undefined Weak Reference
    _get_lc_time                              - Undefined Weak Reference
    _getenv_init                              - Undefined Weak Reference
    _handle_redirection                       - Undefined Weak Reference
    _init_alloc                               - Undefined Weak Reference
    _init_user_alloc                          - Undefined Weak Reference
    _initio                                   - Undefined Weak Reference
    _rand_init                                - Undefined Weak Reference
    _signal_finish                            - Undefined Weak Reference
    _signal_init                              - Undefined Weak Reference
    _terminate_alloc                          - Undefined Weak Reference
    _terminate_user_alloc                     - Undefined Weak Reference
    _terminateio                              - Undefined Weak Reference
    __Vectors_Size                           0x00000188   Number         0  startup_stm32f40_41xxx.o ABSOLUTE
    __Vectors                                0x08000000   Data           4  startup_stm32f40_41xxx.o(RESET)
    __Vectors_End                            0x08000188   Data           0  startup_stm32f40_41xxx.o(RESET)
    __main                                   0x08000189   Thumb Code     8  __main.o(!!!main)
    __scatterload                            0x08000191   Thumb Code     0  __scatter.o(!!!scatter)
    __scatterload_rt2                        0x08000191   Thumb Code    44  __scatter.o(!!!scatter)
    __scatterload_rt2_thumb_only             0x08000191   Thumb Code     0  __scatter.o(!!!scatter)
    __scatterload_null                       0x0800019f   Thumb Code     0  __scatter.o(!!!scatter)
    __scatterload_copy                       0x080001c5   Thumb Code    26  __scatter_copy.o(!!handler_copy)
    __scatterload_zeroinit                   0x080001e1   Thumb Code    28  __scatter_zi.o(!!handler_zi)
    __rt_lib_init                            0x080001fd   Thumb Code     0  libinit.o(.ARM.Collect$$libinit$$00000000)
    __rt_lib_init_fp_1                       0x080001ff   Thumb Code     0  libinit2.o(.ARM.Collect$$libinit$$00000001)
    __rt_lib_init_alloca_1                   0x08000203   Thumb Code     0  libinit2.o(.ARM.Collect$$libinit$$0000002E)
    __rt_lib_init_argv_1                     0x08000203   Thumb Code     0  libinit2.o(.ARM.Collect$$libinit$$0000002C)
    __rt_lib_init_atexit_1                   0x08000203   Thumb Code     0  libinit2.o(.ARM.Collect$$libinit$$0000001B)
    __rt_lib_init_clock_1                    0x08000203   Thumb Code     0  libinit2.o(.ARM.Collect$$libinit$$00000021)
    __rt_lib_init_cpp_1                      0x08000203   Thumb Code     0  libinit2.o(.ARM.Collect$$libinit$$00000032)
    __rt_lib_init_exceptions_1               0x08000203   Thumb Code     0  libinit2.o(.ARM.Collect$$libinit$$00000030)
    __rt_lib_init_fp_trap_1                  0x08000203   Thumb Code     0  libinit2.o(.ARM.Collect$$libinit$$0000001F)
    __rt_lib_init_getenv_1                   0x08000203   Thumb Code     0  libinit2.o(.ARM.Collect$$libinit$$00000023)
    __rt_lib_init_heap_1                     0x08000203   Thumb Code     0  libinit2.o(.ARM.Collect$$libinit$$0000000A)
    __rt_lib_init_lc_collate_1               0x08000203   Thumb Code     0  libinit2.o(.ARM.Collect$$libinit$$00000011)
    __rt_lib_init_lc_ctype_1                 0x08000203   Thumb Code     0  libinit2.o(.ARM.Collect$$libinit$$00000013)
    __rt_lib_init_lc_monetary_1              0x08000203   Thumb Code     0  libinit2.o(.ARM.Collect$$libinit$$00000015)
    __rt_lib_init_lc_numeric_1               0x08000203   Thumb Code     0  libinit2.o(.ARM.Collect$$libinit$$00000017)
    __rt_lib_init_lc_time_1                  0x08000203   Thumb Code     0  libinit2.o(.ARM.Collect$$libinit$$00000019)
    __rt_lib_init_preinit_1                  0x08000203   Thumb Code     0  libinit2.o(.ARM.Collect$$libinit$$00000004)
    __rt_lib_init_rand_1                     0x08000203   Thumb Code     0  libinit2.o(.ARM.Collect$$libinit$$0000000E)
    __rt_lib_init_return                     0x08000203   Thumb Code     0  libinit2.o(.ARM.Collect$$libinit$$00000033)
    __rt_lib_init_signal_1                   0x08000203   Thumb Code     0  libinit2.o(.ARM.Collect$$libinit$$0000001D)
    __rt_lib_init_stdio_1                    0x08000203   Thumb Code     0  libinit2.o(.ARM.Collect$$libinit$$00000025)
    __rt_lib_init_user_alloc_1               0x08000203   Thumb Code     0  libinit2.o(.ARM.Collect$$libinit$$0000000C)
    __rt_lib_shutdown                        0x08000205   Thumb Code     0  libshutdown.o(.ARM.Collect$$libshutdown$$00000000)
    __rt_lib_shutdown_fp_trap_1              0x08000207   Thumb Code     0  libshutdown2.o(.ARM.Collect$$libshutdown$$00000006)
    __rt_lib_shutdown_heap_1                 0x08000207   Thumb Code     0  libshutdown2.o(.ARM.Collect$$libshutdown$$0000000E)
    __rt_lib_shutdown_return                 0x08000207   Thumb Code     0  libshutdown2.o(.ARM.Collect$$libshutdown$$0000000F)
    __rt_lib_shutdown_signal_1               0x08000207   Thumb Code     0  libshutdown2.o(.ARM.Collect$$libshutdown$$00000009)
    __rt_lib_shutdown_stdio_1                0x08000207   Thumb Code     0  libshutdown2.o(.ARM.Collect$$libshutdown$$00000003)
    __rt_lib_shutdown_user_alloc_1           0x08000207   Thumb Code     0  libshutdown2.o(.ARM.Collect$$libshutdown$$0000000B)
    __rt_entry                               0x08000209   Thumb Code     0  __rtentry.o(.ARM.Collect$$rtentry$$00000000)
    __rt_entry_presh_1                       0x08000209   Thumb Code     0  __rtentry2.o(.ARM.Collect$$rtentry$$00000002)
    __rt_entry_sh                            0x08000209   Thumb Code     0  __rtentry4.o(.ARM.Collect$$rtentry$$00000004)
    __rt_entry_li                            0x0800020f   Thumb Code     0  __rtentry2.o(.ARM.Collect$$rtentry$$0000000A)
    __rt_entry_postsh_1                      0x0800020f   Thumb Code     0  __rtentry2.o(.ARM.Collect$$rtentry$$00000009)
    __rt_entry_main                          0x08000213   Thumb Code     0  __rtentry2.o(.ARM.Collect$$rtentry$$0000000D)
    __rt_entry_postli_1                      0x08000213   Thumb Code     0  __rtentry2.o(.ARM.Collect$$rtentry$$0000000C)
    __rt_exit                                0x0800021b   Thumb Code     0  rtexit.o(.ARM.Collect$$rtexit$$00000000)
    __rt_exit_ls                             0x0800021d   Thumb Code     0  rtexit2.o(.ARM.Collect$$rtexit$$00000003)
    __rt_exit_prels_1                        0x0800021d   Thumb Code     0  rtexit2.o(.ARM.Collect$$rtexit$$00000002)
    __rt_exit_exit                           0x08000221   Thumb Code     0  rtexit2.o(.ARM.Collect$$rtexit$$00000004)
    Reset_Handler                            0x08000229   Thumb Code    14  startup_stm32f40_41xxx.o(.text)
    NMI_Handler                              0x08000237   Thumb Code     2  startup_stm32f40_41xxx.o(.text)
    HardFault_Handler                        0x08000239   Thumb Code     2  startup_stm32f40_41xxx.o(.text)
    MemManage_Handler                        0x0800023b   Thumb Code     2  startup_stm32f40_41xxx.o(.text)
    BusFault_Handler                         0x0800023d   Thumb Code     2  startup_stm32f40_41xxx.o(.text)
    UsageFault_Handler                       0x0800023f   Thumb Code     2  startup_stm32f40_41xxx.o(.text)
    SVC_Handler                              0x08000241   Thumb Code     2  startup_stm32f40_41xxx.o(.text)
    DebugMon_Handler                         0x08000243   Thumb Code     2  startup_stm32f40_41xxx.o(.text)
    PendSV_Handler                           0x08000245   Thumb Code     2  startup_stm32f40_41xxx.o(.text)
    SysTick_Handler                          0x08000247   Thumb Code     2  startup_stm32f40_41xxx.o(.text)
    ADC_IRQHandler                           0x08000249   Thumb Code     0  startup_stm32f40_41xxx.o(.text)
    CAN1_RX0_IRQHandler                      0x08000249   Thumb Code     0  startup_stm32f40_41xxx.o(.text)
    CAN1_RX1_IRQHandler                      0x08000249   Thumb Code     0  startup_stm32f40_41xxx.o(.text)
    CAN1_SCE_IRQHandler                      0x08000249   Thumb Code     0  startup_stm32f40_41xxx.o(.text)
    CAN1_TX_IRQHandler                       0x08000249   Thumb Code     0  startup_stm32f40_41xxx.o(.text)
    CAN2_RX0_IRQHandler                      0x08000249   Thumb Code     0  startup_stm32f40_41xxx.o(.text)
    CAN2_RX1_IRQHandler                      0x08000249   Thumb Code     0  startup_stm32f40_41xxx.o(.text)
    CAN2_SCE_IRQHandler                      0x08000249   Thumb Code     0  startup_stm32f40_41xxx.o(.text)
    CAN2_TX_IRQHandler                       0x08000249   Thumb Code     0  startup_stm32f40_41xxx.o(.text)
    CRYP_IRQHandler                          0x08000249   Thumb Code     0  startup_stm32f40_41xxx.o(.text)
    DCMI_IRQHandler                          0x08000249   Thumb Code     0  startup_stm32f40_41xxx.o(.text)
    DMA1_Stream0_IRQHandler                  0x08000249   Thumb Code     0  startup_stm32f40_41xxx.o(.text)
    DMA1_Stream1_IRQHandler                  0x08000249   Thumb Code     0  startup_stm32f40_41xxx.o(.text)
    DMA1_Stream2_IRQHandler                  0x08000249   Thumb Code     0  startup_stm32f40_41xxx.o(.text)
    DMA1_Stream3_IRQHandler                  0x08000249   Thumb Code     0  startup_stm32f40_41xxx.o(.text)
    DMA1_Stream4_IRQHandler                  0x08000249   Thumb Code     0  startup_stm32f40_41xxx.o(.text)
    DMA1_Stream5_IRQHandler                  0x08000249   Thumb Code     0  startup_stm32f40_41xxx.o(.text)
    DMA1_Stream6_IRQHandler                  0x08000249   Thumb Code     0  startup_stm32f40_41xxx.o(.text)
    DMA1_Stream7_IRQHandler                  0x08000249   Thumb Code     0  startup_stm32f40_41xxx.o(.text)
    DMA2_Stream0_IRQHandler                  0x08000249   Thumb Code     0  startup_stm32f40_41xxx.o(.text)
    DMA2_Stream1_IRQHandler                  0x08000249   Thumb Code     0  startup_stm32f40_41xxx.o(.text)
    DMA2_Stream2_IRQHandler                  0x08000249   Thumb Code     0  startup_stm32f40_41xxx.o(.text)
    DMA2_Stream3_IRQHandler                  0x08000249   Thumb Code     0  startup_stm32f40_41xxx.o(.text)
    DMA2_Stream4_IRQHandler                  0x08000249   Thumb Code     0  startup_stm32f40_41xxx.o(.text)
    DMA2_Stream5_IRQHandler                  0x08000249   Thumb Code     0  startup_stm32f40_41xxx.o(.text)
    DMA2_Stream6_IRQHandler                  0x08000249   Thumb Code     0  startup_stm32f40_41xxx.o(.text)
    DMA2_Stream7_IRQHandler                  0x08000249   Thumb Code     0  startup_stm32f40_41xxx.o(.text)
    ETH_IRQHandler                           0x08000249   Thumb Code     0  startup_stm32f40_41xxx.o(.text)
    ETH_WKUP_IRQHandler                      0x08000249   Thumb Code     0  startup_stm32f40_41xxx.o(.text)
    EXTI0_IRQHandler                         0x08000249   Thumb Code     0  startup_stm32f40_41xxx.o(.text)
    EXTI15_10_IRQHandler                     0x08000249   Thumb Code     0  startup_stm32f40_41xxx.o(.text)
    EXTI1_IRQHandler                         0x08000249   Thumb Code     0  startup_stm32f40_41xxx.o(.text)
    EXTI2_IRQHandler                         0x08000249   Thumb Code     0  startup_stm32f40_41xxx.o(.text)
    EXTI3_IRQHandler                         0x08000249   Thumb Code     0  startup_stm32f40_41xxx.o(.text)
    EXTI4_IRQHandler                         0x08000249   Thumb Code     0  startup_stm32f40_41xxx.o(.text)
    EXTI9_5_IRQHandler                       0x08000249   Thumb Code     0  startup_stm32f40_41xxx.o(.text)
    FLASH_IRQHandler                         0x08000249   Thumb Code     0  startup_stm32f40_41xxx.o(.text)
    FPU_IRQHandler                           0x08000249   Thumb Code     0  startup_stm32f40_41xxx.o(.text)
    FSMC_IRQHandler                          0x08000249   Thumb Code     0  startup_stm32f40_41xxx.o(.text)
    HASH_RNG_IRQHandler                      0x08000249   Thumb Code     0  startup_stm32f40_41xxx.o(.text)
    I2C1_ER_IRQHandler                       0x08000249   Thumb Code     0  startup_stm32f40_41xxx.o(.text)
    I2C1_EV_IRQHandler                       0x08000249   Thumb Code     0  startup_stm32f40_41xxx.o(.text)
    I2C2_ER_IRQHandler                       0x08000249   Thumb Code     0  startup_stm32f40_41xxx.o(.text)
    I2C2_EV_IRQHandler                       0x08000249   Thumb Code     0  startup_stm32f40_41xxx.o(.text)
    I2C3_ER_IRQHandler                       0x08000249   Thumb Code     0  startup_stm32f40_41xxx.o(.text)
    I2C3_EV_IRQHandler                       0x08000249   Thumb Code     0  startup_stm32f40_41xxx.o(.text)
    OTG_FS_IRQHandler                        0x08000249   Thumb Code     0  startup_stm32f40_41xxx.o(.text)
    OTG_FS_WKUP_IRQHandler                   0x08000249   Thumb Code     0  startup_stm32f40_41xxx.o(.text)
    OTG_HS_EP1_IN_IRQHandler                 0x08000249   Thumb Code     0  startup_stm32f40_41xxx.o(.text)
    OTG_HS_EP1_OUT_IRQHandler                0x08000249   Thumb Code     0  startup_stm32f40_41xxx.o(.text)
    OTG_HS_IRQHandler                        0x08000249   Thumb Code     0  startup_stm32f40_41xxx.o(.text)
    OTG_HS_WKUP_IRQHandler                   0x08000249   Thumb Code     0  startup_stm32f40_41xxx.o(.text)
    PVD_IRQHandler                           0x08000249   Thumb Code     0  startup_stm32f40_41xxx.o(.text)
    RCC_IRQHandler                           0x08000249   Thumb Code     0  startup_stm32f40_41xxx.o(.text)
    RTC_Alarm_IRQHandler                     0x08000249   Thumb Code     0  startup_stm32f40_41xxx.o(.text)
    RTC_WKUP_IRQHandler                      0x08000249   Thumb Code     0  startup_stm32f40_41xxx.o(.text)
    SDIO_IRQHandler                          0x08000249   Thumb Code     0  startup_stm32f40_41xxx.o(.text)
    SPI1_IRQHandler                          0x08000249   Thumb Code     0  startup_stm32f40_41xxx.o(.text)
    SPI2_IRQHandler                          0x08000249   Thumb Code     0  startup_stm32f40_41xxx.o(.text)
    SPI3_IRQHandler                          0x08000249   Thumb Code     0  startup_stm32f40_41xxx.o(.text)
    TAMP_STAMP_IRQHandler                    0x08000249   Thumb Code     0  startup_stm32f40_41xxx.o(.text)
    TIM1_BRK_TIM9_IRQHandler                 0x08000249   Thumb Code     0  startup_stm32f40_41xxx.o(.text)
    TIM1_CC_IRQHandler                       0x08000249   Thumb Code     0  startup_stm32f40_41xxx.o(.text)
    TIM1_TRG_COM_TIM11_IRQHandler            0x08000249   Thumb Code     0  startup_stm32f40_41xxx.o(.text)
    TIM1_UP_TIM10_IRQHandler                 0x08000249   Thumb Code     0  startup_stm32f40_41xxx.o(.text)
    TIM3_IRQHandler                          0x08000249   Thumb Code     0  startup_stm32f40_41xxx.o(.text)
    TIM4_IRQHandler                          0x08000249   Thumb Code     0  startup_stm32f40_41xxx.o(.text)
    TIM5_IRQHandler                          0x08000249   Thumb Code     0  startup_stm32f40_41xxx.o(.text)
    TIM6_DAC_IRQHandler                      0x08000249   Thumb Code     0  startup_stm32f40_41xxx.o(.text)
    TIM7_IRQHandler                          0x08000249   Thumb Code     0  startup_stm32f40_41xxx.o(.text)
    TIM8_BRK_TIM12_IRQHandler                0x08000249   Thumb Code     0  startup_stm32f40_41xxx.o(.text)
    TIM8_CC_IRQHandler                       0x08000249   Thumb Code     0  startup_stm32f40_41xxx.o(.text)
    TIM8_TRG_COM_TIM14_IRQHandler            0x08000249   Thumb Code     0  startup_stm32f40_41xxx.o(.text)
    TIM8_UP_TIM13_IRQHandler                 0x08000249   Thumb Code     0  startup_stm32f40_41xxx.o(.text)
    UART4_IRQHandler                         0x08000249   Thumb Code     0  startup_stm32f40_41xxx.o(.text)
    UART5_IRQHandler                         0x08000249   Thumb Code     0  startup_stm32f40_41xxx.o(.text)
    USART2_IRQHandler                        0x08000249   Thumb Code     0  startup_stm32f40_41xxx.o(.text)
    USART6_IRQHandler                        0x08000249   Thumb Code     0  startup_stm32f40_41xxx.o(.text)
    WWDG_IRQHandler                          0x08000249   Thumb Code     0  startup_stm32f40_41xxx.o(.text)
    __user_initial_stackheap                 0x0800024d   Thumb Code     0  startup_stm32f40_41xxx.o(.text)
    __use_no_semihosting                     0x0800026d   Thumb Code     2  use_no_semi_2.o(.text)
    __use_two_region_memory                  0x0800026f   Thumb Code     2  heapauxi.o(.text)
    __rt_heap_escrow$2region                 0x08000271   Thumb Code     2  heapauxi.o(.text)
    __rt_heap_expand$2region                 0x08000273   Thumb Code     2  heapauxi.o(.text)
    __I$use$semihosting                      0x08000275   Thumb Code     0  use_no_semi.o(.text)
    __use_no_semihosting_swi                 0x08000275   Thumb Code     2  use_no_semi.o(.text)
    __user_setup_stackheap                   0x08000277   Thumb Code    74  sys_stackheap_outer.o(.text)
    exit                                     0x080002c1   Thumb Code    12  exit.o(.text)
    __user_libspace                          0x080002cd   Thumb Code     8  libspace.o(.text)
    __user_perproc_libspace                  0x080002cd   Thumb Code     0  libspace.o(.text)
    __user_perthread_libspace                0x080002cd   Thumb Code     0  libspace.o(.text)
    BACK                                     0x080002d5   Thumb Code   100  control.o(i.BACK)
    BACK_BZ                                  0x08000341   Thumb Code   250  control.o(i.BACK_BZ)
    BACK_Track                               0x08000441   Thumb Code   280  control.o(i.BACK_Track)
    Begin                                    0x0800055d   Thumb Code   302  action.o(i.Begin)
    FRONT                                    0x08000699   Thumb Code    98  control.o(i.FRONT)
    FRONT_BZ                                 0x08000709   Thumb Code   250  control.o(i.FRONT_BZ)
    FRONT_Track                              0x08000809   Thumb Code   282  control.o(i.FRONT_Track)
    GPIO_AF_Set                              0x08000929   Thumb Code    64  sys.o(i.GPIO_AF_Set)
    GPIO_Set                                 0x08000969   Thumb Code   222  sys.o(i.GPIO_Set)
    Get_1                                    0x08000a49   Thumb Code    50  action.o(i.Get_1)
    Get_2                                    0x08000a81   Thumb Code    72  action.o(i.Get_2)
    Get_3                                    0x08000ad1   Thumb Code    72  action.o(i.Get_3)
    LEFT                                     0x08000b21   Thumb Code    98  control.o(i.LEFT)
    LEFT_BZ                                  0x08000b91   Thumb Code   338  control.o(i.LEFT_BZ)
    LEFT_Track                               0x08000ce9   Thumb Code   374  control.o(i.LEFT_Track)
    MY_NVIC_Init                             0x08000e65   Thumb Code   116  sys.o(i.MY_NVIC_Init)
    MY_NVIC_PriorityGroupConfig              0x08000edd   Thumb Code    32  sys.o(i.MY_NVIC_PriorityGroupConfig)
    MY_NVIC_SetVectorTable                   0x08000f05   Thumb Code    12  sys.o(i.MY_NVIC_SetVectorTable)
    Motor_A                                  0x08000f15   Thumb Code    66  motor.o(i.Motor_A)
    Motor_B                                  0x08000f65   Thumb Code    66  motor.o(i.Motor_B)
    Motor_C                                  0x08000fb5   Thumb Code    66  motor.o(i.Motor_C)
    Motor_D                                  0x08001005   Thumb Code    68  motor.o(i.Motor_D)
    Motor_int                                0x08001055   Thumb Code    38  motor.o(i.Motor_int)
    Move                                     0x08001085   Thumb Code   104  control.o(i.Move)
    OLED_Clear                               0x080010f5   Thumb Code    64  oled.o(i.OLED_Clear)
    OLED_Init                                0x08001135   Thumb Code   408  oled.o(i.OLED_Init)
    OLED_Set_Pos                             0x080012e9   Thumb Code    46  oled.o(i.OLED_Set_Pos)
    OLED_ShowChar                            0x08001319   Thumb Code   106  oled.o(i.OLED_ShowChar)
    OLED_ShowNum                             0x08001389   Thumb Code   132  oled.o(i.OLED_ShowNum)
    OLED_ShowString                          0x0800140d   Thumb Code    50  oled.o(i.OLED_ShowString)
    OLED_WR_Byte                             0x08001441   Thumb Code    92  oled.o(i.OLED_WR_Byte)
    Put                                      0x080014ad   Thumb Code   130  action.o(i.Put)
    RGB                                      0x0800153d   Thumb Code    38  target.o(i.RGB)
    RIGHT                                    0x08001569   Thumb Code   100  control.o(i.RIGHT)
    RIGHT_BZ                                 0x080015d5   Thumb Code   338  control.o(i.RIGHT_BZ)
    RIGHT_Track                              0x0800172d   Thumb Code   390  control.o(i.RIGHT_Track)
    Servo_Get_1                              0x080018b9   Thumb Code    62  action.o(i.Servo_Get_1)
    Servo_Get_2                              0x08001901   Thumb Code    70  action.o(i.Servo_Get_2)
    Servo_Get_3                              0x08001951   Thumb Code    94  action.o(i.Servo_Get_3)
    Set_Pwm                                  0x080019b9   Thumb Code   272  motor.o(i.Set_Pwm)
    Stm32_Clock_Init                         0x08001ad5   Thumb Code    90  sys.o(i.Stm32_Clock_Init)
    Sys_Clock_Set                            0x08001b3d   Thumb Code   254  sys.o(i.Sys_Clock_Set)
    TIM2_IRQHandler                          0x08001c49   Thumb Code    40  timer.o(i.TIM2_IRQHandler)
    TIM2_Int_Init                            0x08001c71   Thumb Code    58  timer.o(i.TIM2_Int_Init)
    TIM3_PWM_Init                            0x08001cb1   Thumb Code   264  servo.o(i.TIM3_PWM_Init)
    TIM4_PWM_Init                            0x08001dc5   Thumb Code   266  servo.o(i.TIM4_PWM_Init)
    TIM8_PWM_Init                            0x08001edd   Thumb Code   282  motor.o(i.TIM8_PWM_Init)
    Tracking                                 0x08002005   Thumb Code   194  control.o(i.Tracking)
    UART3_Process                            0x080020d1   Thumb Code   154  target.o(i.UART3_Process)
    USART1_IRQHandler                        0x08002185   Thumb Code    80  usart.o(i.USART1_IRQHandler)
    USART3_IRQHandler                        0x080021e1   Thumb Code    82  usart.o(i.USART3_IRQHandler)
    _sys_exit                                0x08002241   Thumb Code     4  usart.o(i._sys_exit)
    delay_init                               0x08002245   Thumb Code    56  delay.o(i.delay_init)
    delay_ms                                 0x08002285   Thumb Code    56  delay.o(i.delay_ms)
    delay_xms                                0x080022bd   Thumb Code    56  delay.o(i.delay_xms)
    gray_data                                0x080022f9   Thumb Code    50  gray.o(i.gray_data)
    gray_int                                 0x08002345   Thumb Code   104  gray.o(i.gray_int)
    guiwei                                   0x080023bd   Thumb Code    44  action.o(i.guiwei)
    main                                     0x080023f1   Thumb Code   130  test.o(i.main)
    myabs                                    0x08002485   Thumb Code    14  motor.o(i.myabs)
    oled_pow                                 0x08002493   Thumb Code    22  oled.o(i.oled_pow)
    uart3_init                               0x080024a9   Thumb Code   248  usart.o(i.uart3_init)
    uart_init                                0x080025b1   Thumb Code   240  usart.o(i.uart_init)
    _fp_init                                 0x080026b1   Thumb Code    10  fpinit.o(x$fpl$fpinit)
    __fplib_config_fpu_vfp                   0x080026b9   Thumb Code     0  fpinit.o(x$fpl$fpinit)
    __fplib_config_pureend_doubles           0x080026b9   Thumb Code     0  fpinit.o(x$fpl$fpinit)
    F6x8                                     0x080026ba   Data         552  oled.o(.constdata)
    F8X16                                    0x080028e2   Data        1520  oled.o(.constdata)
    Region$$Table$$Base                      0x08002ed4   Number         0  anon$$obj.o(Region$$Table)
    Region$$Table$$Limit                     0x08002ef4   Number         0  anon$$obj.o(Region$$Table)
    __stdout                                 0x20000004   Data           4  usart.o(.data)
    USART_RX_STA                             0x20000008   Data           2  usart.o(.data)
    USART3_RX_STA                            0x2000000a   Data           2  usart.o(.data)
    BACK_DATA                                0x2000000c   Data           2  gray.o(.data)
    RIGHT_DATA                               0x2000000e   Data           2  gray.o(.data)
    FRONT_DATA                               0x20000010   Data           2  gray.o(.data)
    LEFT_DATA                                0x20000012   Data           2  gray.o(.data)
    Track_Flag                               0x20000014   Data           4  control.o(.data)
    Key_ON                                   0x20000018   Data           4  control.o(.data)
    move_x                                   0x2000001c   Data           4  control.o(.data)
    move_y                                   0x20000020   Data           4  control.o(.data)
    target_data                              0x20000024   Data           3  target.o(.data)
    target_RGB                               0x20000027   Data           3  target.o(.data)
    target_STA                               0x2000002a   Data           1  target.o(.data)
    USART_RX_BUF                             0x2000002c   Data         200  usart.o(.bss)
    USART3_RX_BUF                            0x200000f4   Data         200  usart.o(.bss)
    __libspace_start                         0x200001bc   Data          96  libspace.o(.bss)
    __temporary_stack_top$libspace           0x2000021c   Data           0  libspace.o(.bss)



==============================================================================

Memory Map of the image

  Image Entry point : 0x08000189

  Load Region LR_IROM1 (Base: 0x08000000, Size: 0x00002f20, Max: 0x00080000, ABSOLUTE)

    Execution Region ER_IROM1 (Base: 0x08000000, Size: 0x00002ef4, Max: 0x00080000, ABSOLUTE)

    Base Addr    Size         Type   Attr      Idx    E Section Name        Object

    0x08000000   0x00000188   Data   RO            3    RESET               startup_stm32f40_41xxx.o
    0x08000188   0x00000008   Code   RO          795  * !!!main             c_w.l(__main.o)
    0x08000190   0x00000034   Code   RO          949    !!!scatter          c_w.l(__scatter.o)
    0x080001c4   0x0000001a   Code   RO          951    !!handler_copy      c_w.l(__scatter_copy.o)
    0x080001de   0x00000002   PAD
    0x080001e0   0x0000001c   Code   RO          953    !!handler_zi        c_w.l(__scatter_zi.o)
    0x080001fc   0x00000002   Code   RO          824    .ARM.Collect$$libinit$$00000000  c_w.l(libinit.o)
    0x080001fe   0x00000004   Code   RO          830    .ARM.Collect$$libinit$$00000001  c_w.l(libinit2.o)
    0x08000202   0x00000000   Code   RO          833    .ARM.Collect$$libinit$$00000004  c_w.l(libinit2.o)
    0x08000202   0x00000000   Code   RO          836    .ARM.Collect$$libinit$$0000000A  c_w.l(libinit2.o)
    0x08000202   0x00000000   Code   RO          838    .ARM.Collect$$libinit$$0000000C  c_w.l(libinit2.o)
    0x08000202   0x00000000   Code   RO          840    .ARM.Collect$$libinit$$0000000E  c_w.l(libinit2.o)
    0x08000202   0x00000000   Code   RO          843    .ARM.Collect$$libinit$$00000011  c_w.l(libinit2.o)
    0x08000202   0x00000000   Code   RO          845    .ARM.Collect$$libinit$$00000013  c_w.l(libinit2.o)
    0x08000202   0x00000000   Code   RO          847    .ARM.Collect$$libinit$$00000015  c_w.l(libinit2.o)
    0x08000202   0x00000000   Code   RO          849    .ARM.Collect$$libinit$$00000017  c_w.l(libinit2.o)
    0x08000202   0x00000000   Code   RO          851    .ARM.Collect$$libinit$$00000019  c_w.l(libinit2.o)
    0x08000202   0x00000000   Code   RO          853    .ARM.Collect$$libinit$$0000001B  c_w.l(libinit2.o)
    0x08000202   0x00000000   Code   RO          855    .ARM.Collect$$libinit$$0000001D  c_w.l(libinit2.o)
    0x08000202   0x00000000   Code   RO          857    .ARM.Collect$$libinit$$0000001F  c_w.l(libinit2.o)
    0x08000202   0x00000000   Code   RO          859    .ARM.Collect$$libinit$$00000021  c_w.l(libinit2.o)
    0x08000202   0x00000000   Code   RO          861    .ARM.Collect$$libinit$$00000023  c_w.l(libinit2.o)
    0x08000202   0x00000000   Code   RO          863    .ARM.Collect$$libinit$$00000025  c_w.l(libinit2.o)
    0x08000202   0x00000000   Code   RO          867    .ARM.Collect$$libinit$$0000002C  c_w.l(libinit2.o)
    0x08000202   0x00000000   Code   RO          869    .ARM.Collect$$libinit$$0000002E  c_w.l(libinit2.o)
    0x08000202   0x00000000   Code   RO          871    .ARM.Collect$$libinit$$00000030  c_w.l(libinit2.o)
    0x08000202   0x00000000   Code   RO          873    .ARM.Collect$$libinit$$00000032  c_w.l(libinit2.o)
    0x08000202   0x00000002   Code   RO          874    .ARM.Collect$$libinit$$00000033  c_w.l(libinit2.o)
    0x08000204   0x00000002   Code   RO          892    .ARM.Collect$$libshutdown$$00000000  c_w.l(libshutdown.o)
    0x08000206   0x00000000   Code   RO          903    .ARM.Collect$$libshutdown$$00000003  c_w.l(libshutdown2.o)
    0x08000206   0x00000000   Code   RO          906    .ARM.Collect$$libshutdown$$00000006  c_w.l(libshutdown2.o)
    0x08000206   0x00000000   Code   RO          909    .ARM.Collect$$libshutdown$$00000009  c_w.l(libshutdown2.o)
    0x08000206   0x00000000   Code   RO          911    .ARM.Collect$$libshutdown$$0000000B  c_w.l(libshutdown2.o)
    0x08000206   0x00000000   Code   RO          914    .ARM.Collect$$libshutdown$$0000000E  c_w.l(libshutdown2.o)
    0x08000206   0x00000002   Code   RO          915    .ARM.Collect$$libshutdown$$0000000F  c_w.l(libshutdown2.o)
    0x08000208   0x00000000   Code   RO          799    .ARM.Collect$$rtentry$$00000000  c_w.l(__rtentry.o)
    0x08000208   0x00000000   Code   RO          801    .ARM.Collect$$rtentry$$00000002  c_w.l(__rtentry2.o)
    0x08000208   0x00000006   Code   RO          813    .ARM.Collect$$rtentry$$00000004  c_w.l(__rtentry4.o)
    0x0800020e   0x00000000   Code   RO          803    .ARM.Collect$$rtentry$$00000009  c_w.l(__rtentry2.o)
    0x0800020e   0x00000004   Code   RO          804    .ARM.Collect$$rtentry$$0000000A  c_w.l(__rtentry2.o)
    0x08000212   0x00000000   Code   RO          806    .ARM.Collect$$rtentry$$0000000C  c_w.l(__rtentry2.o)
    0x08000212   0x00000008   Code   RO          807    .ARM.Collect$$rtentry$$0000000D  c_w.l(__rtentry2.o)
    0x0800021a   0x00000002   Code   RO          828    .ARM.Collect$$rtexit$$00000000  c_w.l(rtexit.o)
    0x0800021c   0x00000000   Code   RO          876    .ARM.Collect$$rtexit$$00000002  c_w.l(rtexit2.o)
    0x0800021c   0x00000004   Code   RO          877    .ARM.Collect$$rtexit$$00000003  c_w.l(rtexit2.o)
    0x08000220   0x00000006   Code   RO          878    .ARM.Collect$$rtexit$$00000004  c_w.l(rtexit2.o)
    0x08000226   0x00000002   PAD
    0x08000228   0x00000044   Code   RO            4    .text               startup_stm32f40_41xxx.o
    0x0800026c   0x00000002   Code   RO          791    .text               c_w.l(use_no_semi_2.o)
    0x0800026e   0x00000006   Code   RO          793    .text               c_w.l(heapauxi.o)
    0x08000274   0x00000002   Code   RO          797    .text               c_w.l(use_no_semi.o)
    0x08000276   0x0000004a   Code   RO          815    .text               c_w.l(sys_stackheap_outer.o)
    0x080002c0   0x0000000c   Code   RO          817    .text               c_w.l(exit.o)
    0x080002cc   0x00000008   Code   RO          825    .text               c_w.l(libspace.o)
    0x080002d4   0x0000006c   Code   RO          480    i.BACK              control.o
    0x08000340   0x00000100   Code   RO          481    i.BACK_BZ           control.o
    0x08000440   0x0000011c   Code   RO          482    i.BACK_Track        control.o
    0x0800055c   0x0000013c   Code   RO          585    i.Begin             action.o
    0x08000698   0x00000070   Code   RO          483    i.FRONT             control.o
    0x08000708   0x00000100   Code   RO          484    i.FRONT_BZ          control.o
    0x08000808   0x00000120   Code   RO          485    i.FRONT_Track       control.o
    0x08000928   0x00000040   Code   RO          143    i.GPIO_AF_Set       sys.o
    0x08000968   0x000000de   Code   RO          144    i.GPIO_Set          sys.o
    0x08000a46   0x00000002   PAD
    0x08000a48   0x00000038   Code   RO          586    i.Get_1             action.o
    0x08000a80   0x00000050   Code   RO          587    i.Get_2             action.o
    0x08000ad0   0x00000050   Code   RO          588    i.Get_3             action.o
    0x08000b20   0x00000070   Code   RO          486    i.LEFT              control.o
    0x08000b90   0x00000158   Code   RO          487    i.LEFT_BZ           control.o
    0x08000ce8   0x0000017c   Code   RO          488    i.LEFT_Track        control.o
    0x08000e64   0x00000078   Code   RO          147    i.MY_NVIC_Init      sys.o
    0x08000edc   0x00000028   Code   RO          148    i.MY_NVIC_PriorityGroupConfig  sys.o
    0x08000f04   0x00000010   Code   RO          149    i.MY_NVIC_SetVectorTable  sys.o
    0x08000f14   0x00000050   Code   RO          380    i.Motor_A           motor.o
    0x08000f64   0x00000050   Code   RO          381    i.Motor_B           motor.o
    0x08000fb4   0x00000050   Code   RO          382    i.Motor_C           motor.o
    0x08001004   0x00000050   Code   RO          383    i.Motor_D           motor.o
    0x08001054   0x00000030   Code   RO          384    i.Motor_int         motor.o
    0x08001084   0x00000070   Code   RO          489    i.Move              control.o
    0x080010f4   0x00000040   Code   RO          653    i.OLED_Clear        oled.o
    0x08001134   0x000001b4   Code   RO          657    i.OLED_Init         oled.o
    0x080012e8   0x0000002e   Code   RO          658    i.OLED_Set_Pos      oled.o
    0x08001316   0x00000002   PAD
    0x08001318   0x00000070   Code   RO          660    i.OLED_ShowChar     oled.o
    0x08001388   0x00000084   Code   RO          661    i.OLED_ShowNum      oled.o
    0x0800140c   0x00000032   Code   RO          662    i.OLED_ShowString   oled.o
    0x0800143e   0x00000002   PAD
    0x08001440   0x0000006c   Code   RO          663    i.OLED_WR_Byte      oled.o
    0x080014ac   0x00000090   Code   RO          589    i.Put               action.o
    0x0800153c   0x0000002c   Code   RO          746    i.RGB               target.o
    0x08001568   0x0000006c   Code   RO          490    i.RIGHT             control.o
    0x080015d4   0x00000158   Code   RO          491    i.RIGHT_BZ          control.o
    0x0800172c   0x0000018c   Code   RO          492    i.RIGHT_Track       control.o
    0x080018b8   0x00000048   Code   RO          590    i.Servo_Get_1       action.o
    0x08001900   0x00000050   Code   RO          591    i.Servo_Get_2       action.o
    0x08001950   0x00000068   Code   RO          592    i.Servo_Get_3       action.o
    0x080019b8   0x0000011c   Code   RO          385    i.Set_Pwm           motor.o
    0x08001ad4   0x00000068   Code   RO          150    i.Stm32_Clock_Init  sys.o
    0x08001b3c   0x0000010c   Code   RO          151    i.Sys_Clock_Set     sys.o
    0x08001c48   0x00000028   Code   RO          321    i.TIM2_IRQHandler   timer.o
    0x08001c70   0x00000040   Code   RO          322    i.TIM2_Int_Init     timer.o
    0x08001cb0   0x00000114   Code   RO          443    i.TIM3_PWM_Init     servo.o
    0x08001dc4   0x00000118   Code   RO          444    i.TIM4_PWM_Init     servo.o
    0x08001edc   0x00000128   Code   RO          386    i.TIM8_PWM_Init     motor.o
    0x08002004   0x000000cc   Code   RO          493    i.Tracking          control.o
    0x080020d0   0x000000b4   Code   RO          748    i.UART3_Process     target.o
    0x08002184   0x0000005c   Code   RO          237    i.USART1_IRQHandler  usart.o
    0x080021e0   0x00000060   Code   RO          238    i.USART3_IRQHandler  usart.o
    0x08002240   0x00000004   Code   RO          239    i._sys_exit         usart.o
    0x08002244   0x00000040   Code   RO          101    i.delay_init        delay.o
    0x08002284   0x00000038   Code   RO          102    i.delay_ms          delay.o
    0x080022bc   0x0000003c   Code   RO          104    i.delay_xms         delay.o
    0x080022f8   0x0000004c   Code   RO          347    i.gray_data         gray.o
    0x08002344   0x00000078   Code   RO          348    i.gray_int          gray.o
    0x080023bc   0x00000034   Code   RO          593    i.guiwei            action.o
    0x080023f0   0x00000094   Code   RO           12    i.main              test.o
    0x08002484   0x0000000e   Code   RO          387    i.myabs             motor.o
    0x08002492   0x00000016   Code   RO          664    i.oled_pow          oled.o
    0x080024a8   0x00000108   Code   RO          241    i.uart3_init        usart.o
    0x080025b0   0x00000100   Code   RO          242    i.uart_init         usart.o
    0x080026b0   0x0000000a   Code   RO          884    x$fpl$fpinit        fz_wm.l(fpinit.o)
    0x080026ba   0x00000818   Data   RO          665    .constdata          oled.o
    0x08002ed2   0x00000002   PAD
    0x08002ed4   0x00000020   Data   RO          947    Region$$Table       anon$$obj.o


    Execution Region RW_IRAM1 (Base: 0x20000000, Size: 0x00000620, Max: 0x00020000, ABSOLUTE)

    Base Addr    Size         Type   Attr      Idx    E Section Name        Object

    0x20000000   0x00000004   Data   RW          105    .data               delay.o
    0x20000004   0x00000008   Data   RW          244    .data               usart.o
    0x2000000c   0x00000008   Data   RW          349    .data               gray.o
    0x20000014   0x00000010   Data   RW          494    .data               control.o
    0x20000024   0x00000007   Data   RW          750    .data               target.o
    0x2000002b   0x00000001   PAD
    0x2000002c   0x00000190   Zero   RW          243    .bss                usart.o
    0x200001bc   0x00000060   Zero   RW          826    .bss                c_w.l(libspace.o)
    0x2000021c   0x00000004   PAD
    0x20000220   0x00000000   Zero   RW            2    HEAP                startup_stm32f40_41xxx.o
    0x20000220   0x00000400   Zero   RW            1    STACK               startup_stm32f40_41xxx.o


==============================================================================

Image component sizes


      Code (inc. data)   RO Data    RW Data    ZI Data      Debug   Object Name

       984         88          0          0          0       4973   action.o
      3304        122          0         16          0       9918   control.o
       180         12          0          4          0       1872   delay.o
       196         42          0          8          0       1291   gray.o
       962         90          0          0          0       4738   motor.o
       970         50       2072          0          0       6192   oled.o
       556         26          0          0          0       1304   servo.o
        68         24        392          0       1024        864   startup_stm32f40_41xxx.o
       834         44          0          0          0       4938   sys.o
       224         32          0          7          0       1946   target.o
       148         18          0          0          0     232491   test.o
       104          6          0          0          0       1090   timer.o
       712         58          0          8        400       5065   usart.o

    ----------------------------------------------------------------------
      9248        612       2498         44       1424     276682   Object Totals
         0          0         32          0          0          0   (incl. Generated)
         6          0          2          1          0          0   (incl. Padding)

    ----------------------------------------------------------------------

      Code (inc. data)   RO Data    RW Data    ZI Data      Debug   Library Member Name

         8          0          0          0          0         68   __main.o
         0          0          0          0          0          0   __rtentry.o
        12          0          0          0          0          0   __rtentry2.o
         6          0          0          0          0          0   __rtentry4.o
        52          8          0          0          0          0   __scatter.o
        26          0          0          0          0          0   __scatter_copy.o
        28          0          0          0          0          0   __scatter_zi.o
        12          0          0          0          0         72   exit.o
         6          0          0          0          0        152   heapauxi.o
         2          0          0          0          0          0   libinit.o
         6          0          0          0          0          0   libinit2.o
         2          0          0          0          0          0   libshutdown.o
         2          0          0          0          0          0   libshutdown2.o
         8          4          0          0         96         68   libspace.o
         2          0          0          0          0          0   rtexit.o
        10          0          0          0          0          0   rtexit2.o
        74          0          0          0          0         80   sys_stackheap_outer.o
         2          0          0          0          0         68   use_no_semi.o
         2          0          0          0          0         68   use_no_semi_2.o
        10          0          0          0          0        116   fpinit.o

    ----------------------------------------------------------------------
       274         12          0          0        100        692   Library Totals
         4          0          0          0          4          0   (incl. Padding)

    ----------------------------------------------------------------------

      Code (inc. data)   RO Data    RW Data    ZI Data      Debug   Library Name

       260         12          0          0         96        576   c_w.l
        10          0          0          0          0        116   fz_wm.l

    ----------------------------------------------------------------------
       274         12          0          0        100        692   Library Totals

    ----------------------------------------------------------------------

==============================================================================


      Code (inc. data)   RO Data    RW Data    ZI Data      Debug   

      9522        624       2498         44       1524     271418   Grand Totals
      9522        624       2498         44       1524     271418   ELF Image Totals
      9522        624       2498         44          0          0   ROM Totals

==============================================================================

    Total RO  Size (Code + RO Data)                12020 (  11.74kB)
    Total RW  Size (RW Data + ZI Data)              1568 (   1.53kB)
    Total ROM Size (Code + RO Data + RW Data)      12064 (  11.78kB)

==============================================================================

